Archive member included to satisfy reference by file (symbol)

app/libapp.a(main.c.obj)      (--whole-archive)
app/libapp.a(flash_map_extended.c.obj)
                              (--whole-archive)
app/libapp.a(os.c.obj)        (--whole-archive)
app/libapp.a(keys.c.obj)      (--whole-archive)
app/libapp.a(image_validate.c.obj)
                              (--whole-archive)
app/libapp.a(tlv.c.obj)       (--whole-archive)
app/libapp.a(encrypted.c.obj)
                              (--whole-archive)
app/libapp.a(image_rsa.c.obj)
                              (--whole-archive)
app/libapp.a(image_ec256.c.obj)
                              (--whole-archive)
app/libapp.a(image_ed25519.c.obj)
                              (--whole-archive)
app/libapp.a(bootutil_misc.c.obj)
                              (--whole-archive)
app/libapp.a(fault_injection_hardening.c.obj)
                              (--whole-archive)
app/libapp.a(loader.c.obj)    (--whole-archive)
app/libapp.a(swap_misc.c.obj)
                              (--whole-archive)
app/libapp.a(swap_scratch.c.obj)
                              (--whole-archive)
app/libapp.a(swap_move.c.obj)
                              (--whole-archive)
app/libapp.a(caps.c.obj)      (--whole-archive)
app/libapp.a(asn1parse.c.obj)
                              (--whole-archive)
app/libapp.a(platform_util.c.obj)
                              (--whole-archive)
app/libapp.a(cc310_glue.c.obj)
                              (--whole-archive)
app/libapp.a(autogen-pubkey.c.obj)
                              (--whole-archive)
app/libapp.a(nrf_cleanup.c.obj)
                              (--whole-archive)
zephyr/libzephyr.a(cbprintf_packaged.c.obj)
                              (--whole-archive)
zephyr/libzephyr.a(crc32c_sw.c.obj)
                              (--whole-archive)
zephyr/libzephyr.a(crc32_sw.c.obj)
                              (--whole-archive)
zephyr/libzephyr.a(crc16_sw.c.obj)
                              (--whole-archive)
zephyr/libzephyr.a(crc8_sw.c.obj)
                              (--whole-archive)
zephyr/libzephyr.a(crc7_sw.c.obj)
                              (--whole-archive)
zephyr/libzephyr.a(dec.c.obj)
                              (--whole-archive)
zephyr/libzephyr.a(fdtable.c.obj)
                              (--whole-archive)
zephyr/libzephyr.a(hex.c.obj)
                              (--whole-archive)
zephyr/libzephyr.a(printk.c.obj)
                              (--whole-archive)
zephyr/libzephyr.a(rb.c.obj)  (--whole-archive)
zephyr/libzephyr.a(sem.c.obj)
                              (--whole-archive)
zephyr/libzephyr.a(thread_entry.c.obj)
                              (--whole-archive)
zephyr/libzephyr.a(timeutil.c.obj)
                              (--whole-archive)
zephyr/libzephyr.a(heap.c.obj)
                              (--whole-archive)
zephyr/libzephyr.a(heap-validate.c.obj)
                              (--whole-archive)
zephyr/libzephyr.a(bitarray.c.obj)
                              (--whole-archive)
zephyr/libzephyr.a(multi_heap.c.obj)
                              (--whole-archive)
zephyr/libzephyr.a(onoff.c.obj)
                              (--whole-archive)
zephyr/libzephyr.a(notify.c.obj)
                              (--whole-archive)
zephyr/libzephyr.a(cbprintf_complete.c.obj)
                              (--whole-archive)
zephyr/libzephyr.a(cbprintf.c.obj)
                              (--whole-archive)
zephyr/libzephyr.a(assert.c.obj)
                              (--whole-archive)
zephyr/libzephyr.a(configs.c.obj)
                              (--whole-archive)
zephyr/libzephyr.a(soc_nrf_common.S.obj)
                              (--whole-archive)
zephyr/libzephyr.a(validate_base_addresses.c.obj)
                              (--whole-archive)
zephyr/libzephyr.a(validate_enabled_instances.c.obj)
                              (--whole-archive)
zephyr/libzephyr.a(flash_map.c.obj)
                              (--whole-archive)
zephyr/libzephyr.a(flash_map_layout.c.obj)
                              (--whole-archive)
zephyr/libzephyr.a(tracing_none.c.obj)
                              (--whole-archive)
zephyr/libzephyr.a(flash_map_partition_manager.c.obj)
                              (--whole-archive)
zephyr/libzephyr.a(nrf_cc3xx_platform_abort_zephyr.c.obj)
                              (--whole-archive)
zephyr/libzephyr.a(nrf_cc3xx_platform_no_mutex_zephyr.c.obj)
                              (--whole-archive)
zephyr/arch/common/libarch__common.a(sw_isr_common.c.obj)
                              (--whole-archive)
zephyr/arch/arch/arm/core/aarch32/libarch__arm__core__aarch32.a(cpu_idle.S.obj)
                              (--whole-archive)
zephyr/arch/arch/arm/core/aarch32/libarch__arm__core__aarch32.a(fatal.c.obj)
                              (--whole-archive)
zephyr/arch/arch/arm/core/aarch32/libarch__arm__core__aarch32.a(irq_manage.c.obj)
                              (--whole-archive)
[...]
Memory Configuration

Name             Origin             Length             Attributes
FLASH            0x0000000000000000 0x0000000000007000 xr
RAM              0x0000000020000000 0x0000000000040000 xw
IDT_LIST         0x00000000fffff7ff 0x0000000000000800 xw
*default*        0x0000000000000000 0xffffffffffffffff

Linker script and memory map

LOAD zephyr/CMakeFiles/zephyr_pre0.dir/misc/empty_file.c.obj
LOAD zephyr/CMakeFiles/offsets.dir/./arch/arm/core/offsets/offsets.c.obj
                0x0000000000000020                _region_min_align = 0x20

.rel.plt        0x0000000000000000        0x0
 *(SORT_BY_ALIGNMENT(.rel.plt))
                [!provide]                        PROVIDE (__rel_iplt_start = .)
 *(SORT_BY_ALIGNMENT(.rel.iplt))
 .rel.iplt      0x0000000000000000        0x0 app/libapp.a(main.c.obj)
                [!provide]                        PROVIDE (__rel_iplt_end = .)

.rela.plt       0x0000000000000000        0x0
 *(SORT_BY_ALIGNMENT(.rela.plt))
                [!provide]                        PROVIDE (__rela_iplt_start = .)
 *(SORT_BY_ALIGNMENT(.rela.iplt))
                [!provide]                        PROVIDE (__rela_iplt_end = .)

.rel.dyn
 *(SORT_BY_ALIGNMENT(.rel.*))

.rela.dyn
 *(SORT_BY_ALIGNMENT(.rela.*))

/DISCARD/
 *(SORT_BY_ALIGNMENT(.plt))

/DISCARD/
 *(SORT_BY_ALIGNMENT(.iplt))
                0x0000000000000000                __rom_region_start = 0x0

rom_start       0x0000000000000000      0x100
                0x0000000000000000                . = 0x0
                0x0000000000000000                . = ALIGN (0x4)
                0x0000000000000000                . = ALIGN (0x80)
                0x0000000000000000                . = ALIGN (0x100)
                0x0000000000000000                _vector_start = .
 *(SORT_BY_ALIGNMENT(.exc_vector_table))
 *(SORT_BY_ALIGNMENT(.exc_vector_table.*))
 .exc_vector_table._vector_table_section
                0x0000000000000000       0x40 zephyr/arch/arch/arm/core/aarch32/cortex_m/libarch__arm__core__aarch32__cortex_m.a(vector_table.S.obj)
                0x0000000000000000                _vector_table
 *(SORT_BY_ALIGNMENT(.vectors))
                0x0000000000000100                _vector_end = .
                0x0000000000000040                . = ALIGN (0x4)
 *(SORT_BY_ALIGNMENT(.gnu.linkonce.irq_vector_table*))
 .gnu.linkonce.irq_vector_table
                0x0000000000000040       0xc0 zephyr/arch/common/libisr_tables.a(isr_tables.c.obj)
                0x0000000000000040                _irq_vector_table
                0x0000000000000100                _vector_end = .

text            0x0000000000000100     0x66cc
                0x0000000000000100                __text_region_start = .
 *(SORT_BY_ALIGNMENT(.text))
 *(SORT_BY_ALIGNMENT(.text.*))
 .text.main     0x0000000000000100       0x8c app/libapp.a(main.c.obj)
                0x0000000000000100                main
 .text.flash_area_sector_from_off
                0x000000000000018c       0x20 app/libapp.a(flash_map_extended.c.obj)
                0x000000000000018c                flash_area_sector_from_off
 .text.bootutil_img_validate
                0x00000000000001ac      0x228 app/libapp.a(image_validate.c.obj)
                0x00000000000001ac                bootutil_img_validate
 .text.bootutil_verify_sig
                0x00000000000003d4       0xf0 app/libapp.a(image_ec256.c.obj)
                0x00000000000003d4                bootutil_verify_sig
 .text.boot_read_swap_size
                0x00000000000004c4       0x7c app/libapp.a(bootutil_misc.c.obj)
                0x00000000000004c4                boot_read_swap_size
 .text.boot_validate_slot.isra.0
                0x0000000000000540       0xe0 app/libapp.a(loader.c.obj)
 .text.boot_swap_image
                0x0000000000000620       0x64 app/libapp.a(loader.c.obj)
 .text.boot_copy_region
                0x0000000000000684       0x84 app/libapp.a(loader.c.obj)
                0x0000000000000684                boot_copy_region
 .text.context_boot_go
                0x0000000000000708      0x218 app/libapp.a(loader.c.obj)
                0x0000000000000708                context_boot_go
 .text.boot_go  0x0000000000000920       0x20 app/libapp.a(loader.c.obj)
                0x0000000000000920                boot_go
 .text.boot_read_image_header
                0x0000000000000940       0x9c app/libapp.a(swap_move.c.obj)
                0x0000000000000940                boot_read_image_header
 .text.fixup_revert
                0x00000000000009dc       0x50 app/libapp.a(swap_move.c.obj)
                0x00000000000009dc                fixup_revert
 .text.swap_run
                0x0000000000000a2c      0x1e0 app/libapp.a(swap_move.c.obj)
                0x0000000000000a2c                swap_run
 .text.cc310_init
                0x0000000000000c0c       0x30 app/libapp.a(cc310_glue.c.obj)
                0x0000000000000c0c                cc310_init
 .text.cc310_ecdsa_verify_secp256r1
                0x0000000000000c3c       0x3c app/libapp.a(cc310_glue.c.obj)
                0x0000000000000c3c                cc310_ecdsa_verify_secp256r1
 .text.nrf_cleanup_peripheral
                0x0000000000000c78       0x60 app/libapp.a(nrf_cleanup.c.obj)
                0x0000000000000c78                nrf_cleanup_peripheral
 .text.process_event
                0x0000000000000cd8      0x21c zephyr/libzephyr.a(onoff.c.obj)
 .text.z_arm_platform_init
                0x0000000000000ef4        0x4 zephyr/libzephyr.a(soc_nrf_common.S.obj)
                0x0000000000000ef4                z_arm_platform_init
 .text.flash_area_open
                0x0000000000000ef8       0x50 zephyr/libzephyr.a(flash_map.c.obj)
                0x0000000000000ef8                flash_area_open
 .text.flash_area_get_sectors
                0x0000000000000f48       0x60 zephyr/libzephyr.a(flash_map_layout.c.obj)
                0x0000000000000f48                flash_area_get_sectors
 .text.nrf_cc3xx_platform_abort_init
                0x0000000000000fa8        0xc zephyr/libzephyr.a(nrf_cc3xx_platform_abort_zephyr.c.obj)
                0x0000000000000fa8                nrf_cc3xx_platform_abort_init
 .text.z_arm_cpu_idle_init
                0x0000000000000fb4        0xc zephyr/arch/arch/arm/core/aarch32/libarch__arm__core__aarch32.a(cpu_idle.S.obj)
                0x0000000000000fb4                z_arm_cpu_idle_init
 .text.arch_cpu_atomic_idle
                0x0000000000000fc0       0x14 zephyr/arch/arch/arm/core/aarch32/libarch__arm__core__aarch32.a(cpu_idle.S.obj)
                0x0000000000000fc0                arch_cpu_atomic_idle
 .text.arch_irq_enable
                0x0000000000000fd4       0x1c zephyr/arch/arch/arm/core/aarch32/libarch__arm__core__aarch32.a(irq_manage.c.obj)
                0x0000000000000fd4                arch_irq_enable
 .text.arch_irq_disable
                0x0000000000000ff0       0x28 zephyr/arch/arch/arm/core/aarch32/libarch__arm__core__aarch32.a(irq_manage.c.obj)
                0x0000000000000ff0                arch_irq_disable
 .text.arch_irq_is_enabled
                0x0000000000001018       0x1c zephyr/arch/arch/arm/core/aarch32/libarch__arm__core__aarch32.a(irq_manage.c.obj)
                0x0000000000001018                arch_irq_is_enabled
 .text.z_arm_irq_priority_set
                0x0000000000001034       0x30 zephyr/arch/arch/arm/core/aarch32/libarch__arm__core__aarch32.a(irq_manage.c.obj)
                0x0000000000001034                z_arm_irq_priority_set
 .text.z_SysNmiOnReset
                0x0000000000001064        0x8 zephyr/arch/arch/arm/core/aarch32/libarch__arm__core__aarch32.a(nmi_on_reset.S.obj)
                0x0000000000001064                z_SysNmiOnReset
 .text.z_arm_prep_c
                0x000000000000106c       0x5c zephyr/arch/arch/arm/core/aarch32/libarch__arm__core__aarch32.a(prep_c.c.obj)
                0x000000000000106c                z_arm_prep_c
 .text.z_arm_svc
                0x00000000000010c8       0x20 zephyr/arch/arch/arm/core/aarch32/libarch__arm__core__aarch32.a(swap_helper.S.obj)
                0x00000000000010c8                z_arm_svc
 .text.z_check_thread_stack_fail
                0x00000000000010e8       0x2c zephyr/arch/arch/arm/core/aarch32/libarch__arm__core__aarch32.a(thread.c.obj)
                0x00000000000010e8                z_check_thread_stack_fail
 .text.z_arm_switch_to_main_no_multithreading
                0x0000000000001114       0x34 zephyr/arch/arch/arm/core/aarch32/libarch__arm__core__aarch32.a(thread.c.obj)
                0x0000000000001114                z_arm_switch_to_main_no_multithreading
 .text._isr_wrapper
                0x0000000000001148       0x28 zephyr/arch/arch/arm/core/aarch32/libarch__arm__core__aarch32.a(isr_wrapper.S.obj)
                0x0000000000001148                _isr_wrapper
 .text._HandlerModeExit
                0x0000000000001170        0x4 zephyr/arch/arch/arm/core/aarch32/cortex_m/libarch__arm__core__aarch32__cortex_m.a(exc_exit.S.obj)
                0x0000000000001170                z_arm_exc_exit
                0x0000000000001170                z_arm_int_exit
 .text.mem_manage_fault
                0x0000000000001174       0x7c zephyr/arch/arch/arm/core/aarch32/cortex_m/libarch__arm__core__aarch32__cortex_m.a(fault.c.obj)
 .text.bus_fault.constprop.0
                0x00000000000011f0       0x3c zephyr/arch/arch/arm/core/aarch32/cortex_m/libarch__arm__core__aarch32__cortex_m.a(fault.c.obj)
 .text.z_arm_fault
                0x000000000000122c      0x130 zephyr/arch/arch/arm/core/aarch32/cortex_m/libarch__arm__core__aarch32__cortex_m.a(fault.c.obj)
                0x000000000000122c                z_arm_fault
 .text.z_arm_fault_init
                0x000000000000135c       0x10 zephyr/arch/arch/arm/core/aarch32/cortex_m/libarch__arm__core__aarch32__cortex_m.a(fault.c.obj)
                0x000000000000135c                z_arm_fault_init
 .text.__fault  0x000000000000136c       0x14 zephyr/arch/arch/arm/core/aarch32/cortex_m/libarch__arm__core__aarch32__cortex_m.a(fault_s.S.obj)
                0x000000000000136c                z_arm_bus_fault
                0x000000000000136c                z_arm_usage_fault
                0x000000000000136c                z_arm_mpu_fault
                0x000000000000136c                z_arm_exc_spurious
                0x000000000000136c                z_arm_debug_monitor
                0x000000000000136c                z_arm_hard_fault
 .text.z_arm_interrupt_init
                0x0000000000001380       0x18 zephyr/arch/arch/arm/core/aarch32/cortex_m/libarch__arm__core__aarch32__cortex_m.a(irq_init.c.obj)
                0x0000000000001380                z_arm_interrupt_init
 .text._reset_section
                0x0000000000001398       0x54 zephyr/arch/arch/arm/core/aarch32/cortex_m/libarch__arm__core__aarch32__cortex_m.a(reset.S.obj)
                0x0000000000001398                z_arm_reset
                0x0000000000001398                __start
 .text.z_arm_clear_arm_mpu_config
                0x00000000000013ec       0x24 zephyr/arch/arch/arm/core/aarch32/cortex_m/libarch__arm__core__aarch32__cortex_m.a(scb.c.obj)
                0x00000000000013ec                z_arm_clear_arm_mpu_config
 .text.z_arm_init_arch_hw_at_boot
                0x0000000000001410       0x64 zephyr/arch/arch/arm/core/aarch32/cortex_m/libarch__arm__core__aarch32__cortex_m.a(scb.c.obj)
                0x0000000000001410                z_arm_init_arch_hw_at_boot
 .text.z_arm_configure_static_mpu_regions
                0x0000000000001474       0x18 zephyr/arch/arch/arm/core/aarch32/mpu/libarch__arm__core__aarch32__mpu.a(arm_core_mpu.c.obj)
                0x0000000000001474                z_arm_configure_static_mpu_regions
 .text.mpu_configure_regions
                0x000000000000148c       0x88 zephyr/arch/arch/arm/core/aarch32/mpu/libarch__arm__core__aarch32__mpu.a(arm_mpu.c.obj)
 .text.arm_core_mpu_enable
                0x0000000000001514       0x18 zephyr/arch/arch/arm/core/aarch32/mpu/libarch__arm__core__aarch32__mpu.a(arm_mpu.c.obj)
                0x0000000000001514                arm_core_mpu_enable
 .text.arm_core_mpu_disable
                0x000000000000152c       0x14 zephyr/arch/arch/arm/core/aarch32/mpu/libarch__arm__core__aarch32__mpu.a(arm_mpu.c.obj)
                0x000000000000152c                arm_core_mpu_disable
 .text.arm_core_mpu_configure_static_mpu_regions
                0x0000000000001540       0x14 zephyr/arch/arch/arm/core/aarch32/mpu/libarch__arm__core__aarch32__mpu.a(arm_mpu.c.obj)
                0x0000000000001540                arm_core_mpu_configure_static_mpu_regions
 .text.z_arm_mpu_init
                0x0000000000001554       0x60 zephyr/arch/arch/arm/core/aarch32/mpu/libarch__arm__core__aarch32__mpu.a(arm_mpu.c.obj)
                0x0000000000001554                z_arm_mpu_init
 .text.nordicsemi_nrf52_init
                0x00000000000015b4       0x54 zephyr/soc/arm/nordic_nrf/nrf52/libsoc__arm__nordic_nrf__nrf52.a(soc.c.obj)
 .text.arch_busy_wait
                0x0000000000001608       0x14 zephyr/soc/arm/nordic_nrf/nrf52/libsoc__arm__nordic_nrf__nrf52.a(soc.c.obj)
                0x0000000000001608                arch_busy_wait
 .text.onoff_stop
                0x000000000000161c       0x30 zephyr/drivers/clock_control/libdrivers__clock_control.a(clock_control_nrf.c.obj)
 .text.onoff_start
                0x000000000000164c       0x44 zephyr/drivers/clock_control/libdrivers__clock_control.a(clock_control_nrf.c.obj)
 .text.clk_init
                0x0000000000001690       0x58 zephyr/drivers/clock_control/libdrivers__clock_control.a(clock_control_nrf.c.obj)
 .text.clkstarted_handle.constprop.0
                0x00000000000016e8       0x34 zephyr/drivers/clock_control/libdrivers__clock_control.a(clock_control_nrf.c.obj)
 .text.clock_event_handler
                0x000000000000171c       0x1c zephyr/drivers/clock_control/libdrivers__clock_control.a(clock_control_nrf.c.obj)
 .text.generic_hfclk_start
                0x0000000000001738       0x64 zephyr/drivers/clock_control/libdrivers__clock_control.a(clock_control_nrf.c.obj)
 .text.generic_hfclk_stop
                0x000000000000179c       0x2c zephyr/drivers/clock_control/libdrivers__clock_control.a(clock_control_nrf.c.obj)
 .text.z_nrf_clock_control_lf_on
                0x00000000000017c8       0xf4 zephyr/drivers/clock_control/libdrivers__clock_control.a(clock_control_nrf.c.obj)
                0x00000000000017c8                z_nrf_clock_control_lf_on
 .text.gpio_nrfx_pin_interrupt_configure
                0x00000000000018bc       0xd4 zephyr/drivers/gpio/libdrivers__gpio.a(gpio_nrfx.c.obj)
 .text.gpio_nrfx_init
                0x0000000000001990       0x38 zephyr/drivers/gpio/libdrivers__gpio.a(gpio_nrfx.c.obj)
 .text.nrfx_gpio_handler
                0x00000000000019c8       0x4c zephyr/drivers/gpio/libdrivers__gpio.a(gpio_nrfx.c.obj)
 .text.gpio_nrfx_pin_configure
                0x0000000000001a14      0x128 zephyr/drivers/gpio/libdrivers__gpio.a(gpio_nrfx.c.obj)
 .text.qspi_get_zephyr_ret_code
                0x0000000000001b3c       0x1c zephyr/drivers/flash/libdrivers__flash.a(nrf_qspi_nor.c.obj)
 .text.qspi_nor_pages_layout
                0x0000000000001b58       0x10 zephyr/drivers/flash/libdrivers__flash.a(nrf_qspi_nor.c.obj)
 .text.qspi_flash_get_parameters
                0x0000000000001b68        0x8 zephyr/drivers/flash/libdrivers__flash.a(nrf_qspi_nor.c.obj)
 .text.qspi_device_init
                0x0000000000001b70       0x2c zephyr/drivers/flash/libdrivers__flash.a(nrf_qspi_nor.c.obj)
 .text.qspi_device_uninit.constprop.0
                0x0000000000001b9c       0x2c zephyr/drivers/flash/libdrivers__flash.a(nrf_qspi_nor.c.obj)
 .text.qspi_wait_for_completion.isra.0
                0x0000000000001bc8       0x38 zephyr/drivers/flash/libdrivers__flash.a(nrf_qspi_nor.c.obj)
 .text.qspi_nor_read
                0x0000000000001c00      0x144 zephyr/drivers/flash/libdrivers__flash.a(nrf_qspi_nor.c.obj)
 .text.qspi_nor_write
                0x0000000000001d44      0x104 zephyr/drivers/flash/libdrivers__flash.a(nrf_qspi_nor.c.obj)
 .text.qspi_nor_erase
                0x0000000000001e48       0xd4 zephyr/drivers/flash/libdrivers__flash.a(nrf_qspi_nor.c.obj)
 .text.qspi_nor_init
                0x0000000000001f1c       0xfc zephyr/drivers/flash/libdrivers__flash.a(nrf_qspi_nor.c.obj)
 .text.flash_nrf_pages_layout
                0x0000000000002018       0x10 zephyr/drivers/flash/libdrivers__flash.a(soc_flash_nrf.c.obj)
 .text.flash_nrf_get_parameters
                0x0000000000002028        0x8 zephyr/drivers/flash/libdrivers__flash.a(soc_flash_nrf.c.obj)
 .text.nrf_flash_init
                0x0000000000002030       0x18 zephyr/drivers/flash/libdrivers__flash.a(soc_flash_nrf.c.obj)
 .text.restore_pofwarn.part.0
                0x0000000000002048       0x2c zephyr/drivers/flash/libdrivers__flash.a(soc_flash_nrf.c.obj)
 .text.suspend_pofwarn
                0x0000000000002074       0x58 zephyr/drivers/flash/libdrivers__flash.a(soc_flash_nrf.c.obj)
 .text.flash_nrf_erase
                0x00000000000020cc       0x70 zephyr/drivers/flash/libdrivers__flash.a(soc_flash_nrf.c.obj)
 .text.flash_nrf_write
                0x000000000000213c       0x74 zephyr/drivers/flash/libdrivers__flash.a(soc_flash_nrf.c.obj)
 .text.compare_int_lock
                0x00000000000021b0       0x48 zephyr/drivers/timer/libdrivers__timer.a(nrf_rtc_timer.c.obj)
 .text.compare_int_unlock
                0x00000000000021f8       0x5c zephyr/drivers/timer/libdrivers__timer.a(nrf_rtc_timer.c.obj)
 .text.z_nrf_rtc_timer_read
                0x0000000000002254       0x44 zephyr/drivers/timer/libdrivers__timer.a(nrf_rtc_timer.c.obj)
                0x0000000000002254                z_nrf_rtc_timer_read
 .text.compare_set
                0x0000000000002298      0x148 zephyr/drivers/timer/libdrivers__timer.a(nrf_rtc_timer.c.obj)
 .text.sys_clock_driver_init
                0x00000000000023e0       0x80 zephyr/drivers/timer/libdrivers__timer.a(nrf_rtc_timer.c.obj)
 .text.sys_clock_timeout_handler
                0x0000000000002460       0xc0 zephyr/drivers/timer/libdrivers__timer.a(nrf_rtc_timer.c.obj)
 .text.rtc_nrf_isr
                0x0000000000002520       0xe4 zephyr/drivers/timer/libdrivers__timer.a(nrf_rtc_timer.c.obj)
                0x0000000000002520                rtc_nrf_isr
 .text.pinctrl_configure_pins
                0x0000000000002604      0x174 zephyr/drivers/pinctrl/libdrivers__pinctrl.a(pinctrl_nrf.c.obj)
                0x0000000000002604                pinctrl_configure_pins
 .text.find_free_region
                0x0000000000002778       0x3c modules/nrf/lib/fprotect/lib..__nrf__lib__fprotect.a(fprotect_acl.c.obj)
 .text.boot_write_magic
                0x00000000000027b4       0x40 modules/mcuboot/boot/bootutil/zephyr/libmcuboot_util.a(bootutil_public.c.obj)
                0x00000000000027b4                boot_write_magic
 .text.boot_read_swap_state
                0x00000000000027f4       0xac modules/mcuboot/boot/bootutil/zephyr/libmcuboot_util.a(bootutil_public.c.obj)
                0x00000000000027f4                boot_read_swap_state
 .text.boot_swap_type_multi
                0x00000000000028a0       0x94 modules/mcuboot/boot/bootutil/zephyr/libmcuboot_util.a(bootutil_public.c.obj)
                0x00000000000028a0                boot_swap_type_multi
 .text.nrf52_errata_98
                0x0000000000002934       0x24 modules/hal_nordic/nrfx/libmodules__hal_nordic__nrfx.a(system_nrf52840.c.obj)
 .text.nvmc_wait
                0x0000000000002958       0x10 modules/hal_nordic/nrfx/libmodules__hal_nordic__nrfx.a(system_nrf52840.c.obj)
                0x0000000000002958                nvmc_wait
 .text.SystemInit
                0x0000000000002968      0x1e8 modules/hal_nordic/nrfx/libmodules__hal_nordic__nrfx.a(system_nrf52840.c.obj)
                0x0000000000002968                SystemInit
 .text.nrfx_flag32_alloc
                0x0000000000002b50       0x40 modules/hal_nordic/nrfx/libmodules__hal_nordic__nrfx.a(nrfx_flag32_allocator.c.obj)
                0x0000000000002b50                nrfx_flag32_alloc
 .text.nrfx_flag32_free
                0x0000000000002b90       0x40 modules/hal_nordic/nrfx/libmodules__hal_nordic__nrfx.a(nrfx_flag32_allocator.c.obj)
                0x0000000000002b90                nrfx_flag32_free
 .text.clock_stop
                0x0000000000002bd0       0xc8 modules/hal_nordic/nrfx/libmodules__hal_nordic__nrfx.a(nrfx_clock.c.obj)
 .text.nrfx_clock_init
                0x0000000000002c98       0x20 modules/hal_nordic/nrfx/libmodules__hal_nordic__nrfx.a(nrfx_clock.c.obj)
                0x0000000000002c98                nrfx_clock_init
 .text.nrfx_power_clock_irq_handler
                0x0000000000002cb8       0x68 modules/hal_nordic/nrfx/libmodules__hal_nordic__nrfx.a(nrfx_clock.c.obj)
                0x0000000000002cb8                nrfx_power_clock_irq_handler
 .text.nrf_gpio_pin_port_decode
                0x0000000000002d20       0x1c modules/hal_nordic/nrfx/libmodules__hal_nordic__nrfx.a(nrfx_gpiote.c.obj)
 .text.pin_in_use_by_te
                0x0000000000002d3c       0x14 modules/hal_nordic/nrfx/libmodules__hal_nordic__nrfx.a(nrfx_gpiote.c.obj)
 .text.call_handler
                0x0000000000002d50       0x3c modules/hal_nordic/nrfx/libmodules__hal_nordic__nrfx.a(nrfx_gpiote.c.obj)
 .text.release_handler
                0x0000000000002d8c       0x58 modules/hal_nordic/nrfx/libmodules__hal_nordic__nrfx.a(nrfx_gpiote.c.obj)
 .text.pin_handler_trigger_uninit
                0x0000000000002de4       0x38 modules/hal_nordic/nrfx/libmodules__hal_nordic__nrfx.a(nrfx_gpiote.c.obj)
 .text.nrfx_gpiote_input_configure
                0x0000000000002e1c      0x15c modules/hal_nordic/nrfx/libmodules__hal_nordic__nrfx.a(nrfx_gpiote.c.obj)
                0x0000000000002e1c                nrfx_gpiote_input_configure
 .text.nrfx_gpiote_output_configure
                0x0000000000002f78       0xe4 modules/hal_nordic/nrfx/libmodules__hal_nordic__nrfx.a(nrfx_gpiote.c.obj)
                0x0000000000002f78                nrfx_gpiote_output_configure
 .text.nrfx_gpiote_global_callback_set
                0x000000000000305c        0xc modules/hal_nordic/nrfx/libmodules__hal_nordic__nrfx.a(nrfx_gpiote.c.obj)
                0x000000000000305c                nrfx_gpiote_global_callback_set
 .text.nrfx_gpiote_channel_get
                0x0000000000003068       0x2c modules/hal_nordic/nrfx/libmodules__hal_nordic__nrfx.a(nrfx_gpiote.c.obj)
                0x0000000000003068                nrfx_gpiote_channel_get
 .text.nrfx_gpiote_init
                0x0000000000003094       0x50 modules/hal_nordic/nrfx/libmodules__hal_nordic__nrfx.a(nrfx_gpiote.c.obj)
                0x0000000000003094                nrfx_gpiote_init
 .text.nrfx_gpiote_is_init
                0x00000000000030e4       0x14 modules/hal_nordic/nrfx/libmodules__hal_nordic__nrfx.a(nrfx_gpiote.c.obj)
                0x00000000000030e4                nrfx_gpiote_is_init
 .text.nrfx_gpiote_channel_free
                0x00000000000030f8        0xc modules/hal_nordic/nrfx/libmodules__hal_nordic__nrfx.a(nrfx_gpiote.c.obj)
                0x00000000000030f8                nrfx_gpiote_channel_free
 .text.nrfx_gpiote_channel_alloc
                0x0000000000003104        0xc modules/hal_nordic/nrfx/libmodules__hal_nordic__nrfx.a(nrfx_gpiote.c.obj)
                0x0000000000003104                nrfx_gpiote_channel_alloc
 .text.nrfx_gpiote_trigger_enable
                0x0000000000003110       0x90 modules/hal_nordic/nrfx/libmodules__hal_nordic__nrfx.a(nrfx_gpiote.c.obj)
                0x0000000000003110                nrfx_gpiote_trigger_enable
 .text.nrfx_gpiote_trigger_disable
                0x00000000000031a0       0x50 modules/hal_nordic/nrfx/libmodules__hal_nordic__nrfx.a(nrfx_gpiote.c.obj)
                0x00000000000031a0                nrfx_gpiote_trigger_disable
 .text.nrfx_gpiote_pin_uninit
                0x00000000000031f0       0x48 modules/hal_nordic/nrfx/libmodules__hal_nordic__nrfx.a(nrfx_gpiote.c.obj)
                0x00000000000031f0                nrfx_gpiote_pin_uninit
 .text.nrfx_gpiote_irq_handler
                0x0000000000003238      0x1bc modules/hal_nordic/nrfx/libmodules__hal_nordic__nrfx.a(nrfx_gpiote.c.obj)
                0x0000000000003238                nrfx_gpiote_irq_handler
 .text.nvmc_word_write
                0x00000000000033f4       0x18 modules/hal_nordic/nrfx/libmodules__hal_nordic__nrfx.a(nrfx_nvmc.c.obj)
 .text.nrfx_nvmc_page_erase
                0x000000000000340c       0x40 modules/hal_nordic/nrfx/libmodules__hal_nordic__nrfx.a(nrfx_nvmc.c.obj)
                0x000000000000340c                nrfx_nvmc_page_erase
 .text.nrfx_nvmc_word_write
                0x000000000000344c       0x1c modules/hal_nordic/nrfx/libmodules__hal_nordic__nrfx.a(nrfx_nvmc.c.obj)
                0x000000000000344c                nrfx_nvmc_word_write
 .text.nrf_gpio_pin_port_decode
                0x0000000000003468       0x1c modules/hal_nordic/nrfx/libmodules__hal_nordic__nrfx.a(nrfx_qspi.c.obj)
 .text.qspi_xfer
                0x0000000000003484       0xf8 modules/hal_nordic/nrfx/libmodules__hal_nordic__nrfx.a(nrfx_qspi.c.obj)
 .text.qspi_ready_wait
                0x000000000000357c       0x2c modules/hal_nordic/nrfx/libmodules__hal_nordic__nrfx.a(nrfx_qspi.c.obj)
 .text.qspi_event_xfer_handle.constprop.0
                0x00000000000035a8       0x28 modules/hal_nordic/nrfx/libmodules__hal_nordic__nrfx.a(nrfx_qspi.c.obj)
 .text.nrf_qspi_cinstrdata_get.constprop.0
                0x00000000000035d0       0x40 modules/hal_nordic/nrfx/libmodules__hal_nordic__nrfx.a(nrfx_qspi.c.obj)
 .text.nrf_qspi_cinstrdata_set.constprop.0
                0x0000000000003610       0x64 modules/hal_nordic/nrfx/libmodules__hal_nordic__nrfx.a(nrfx_qspi.c.obj)
 .text.nrfx_qspi_init
                0x0000000000003674      0x1c0 modules/hal_nordic/nrfx/libmodules__hal_nordic__nrfx.a(nrfx_qspi.c.obj)
                0x0000000000003674                nrfx_qspi_init
 .text.nrfx_qspi_cinstr_xfer
                0x0000000000003834       0x80 modules/hal_nordic/nrfx/libmodules__hal_nordic__nrfx.a(nrfx_qspi.c.obj)
                0x0000000000003834                nrfx_qspi_cinstr_xfer
 .text.nrfx_qspi_mem_busy_check
                0x00000000000038b4       0x44 modules/hal_nordic/nrfx/libmodules__hal_nordic__nrfx.a(nrfx_qspi.c.obj)
                0x00000000000038b4                nrfx_qspi_mem_busy_check
 .text.nrfx_qspi_uninit
                0x00000000000038f8       0xa8 modules/hal_nordic/nrfx/libmodules__hal_nordic__nrfx.a(nrfx_qspi.c.obj)
                0x00000000000038f8                nrfx_qspi_uninit
 .text.nrfx_qspi_erase
                0x00000000000039a0       0x64 modules/hal_nordic/nrfx/libmodules__hal_nordic__nrfx.a(nrfx_qspi.c.obj)
                0x00000000000039a0                nrfx_qspi_erase
 .text.nrfx_qspi_irq_handler
                0x0000000000003a04       0x68 modules/hal_nordic/nrfx/libmodules__hal_nordic__nrfx.a(nrfx_qspi.c.obj)
                0x0000000000003a04                nrfx_qspi_irq_handler
 .text.z_sys_init_run_level
                0x0000000000003a6c       0x44 zephyr/kernel/libkernel.a(init.c.obj)
 .text.bg_thread_main
                0x0000000000003ab0       0x30 zephyr/kernel/libkernel.a(init.c.obj)
 .text.z_bss_zero
                0x0000000000003ae0       0x18 zephyr/kernel/libkernel.a(init.c.obj)
                0x0000000000003ae0                z_bss_zero
 .text.z_cstart
                0x0000000000003af8       0x78 zephyr/kernel/libkernel.a(init.c.obj)
                0x0000000000003af8                z_cstart
 .text.z_data_copy
                0x0000000000003b70       0x34 zephyr/kernel/libkernel.a(xip.c.obj)
                0x0000000000003b70                z_data_copy
 .text.elapsed  0x0000000000003ba4       0x14 zephyr/kernel/libkernel.a(timeout.c.obj)
 .text.next_timeout
                0x0000000000003bb8       0x2c zephyr/kernel/libkernel.a(timeout.c.obj)
 .text.remove_timeout
                0x0000000000003be4       0x2c zephyr/kernel/libkernel.a(timeout.c.obj)
 .text.sys_clock_announce
                0x0000000000003c10       0xa0 zephyr/kernel/libkernel.a(timeout.c.obj)
                0x0000000000003c10                sys_clock_announce
 .text.nrf_cc3xx_platform_init_no_rng
                0x0000000000003cb0       0x38 /home/kendrik/ncs/nrfxlib/crypto/nrf_cc310_platform/lib/cortex-m4/hard-float/no-interrupts/libnrf_cc310_platform_0.9.16.a(nrf_cc3xx_platform.c.obj)
                0x0000000000003cb0                nrf_cc3xx_platform_init_no_rng
 .text.nrf_cc3xx_platform_abort
                0x0000000000003ce8       0x24 /home/kendrik/ncs/nrfxlib/crypto/nrf_cc310_platform/lib/cortex-m4/hard-float/no-interrupts/libnrf_cc310_platform_0.9.16.a(nrf_cc3xx_platform_abort.c.obj)
 .text.CC_PalAbort
                0x0000000000003d0c       0x38 /home/kendrik/ncs/nrfxlib/crypto/nrf_cc310_platform/lib/cortex-m4/hard-float/no-interrupts/libnrf_cc310_platform_0.9.16.a(nrf_cc3xx_platform_abort.c.obj)
                0x0000000000003d0c                CC_PalAbort
 .text.nrf_cc3xx_platform_set_abort
                0x0000000000003d44       0x10 /home/kendrik/ncs/nrfxlib/crypto/nrf_cc310_platform/lib/cortex-m4/hard-float/no-interrupts/libnrf_cc310_platform_0.9.16.a(nrf_cc3xx_platform_abort.c.obj)
                0x0000000000003d44                nrf_cc3xx_platform_set_abort
 .text.mbedtls_platform_zeroize
                0x0000000000003d54       0x14 /home/kendrik/ncs/nrfxlib/crypto/nrf_cc310_platform/lib/cortex-m4/hard-float/no-interrupts/libnrf_cc310_platform_0.9.16.a(mbedtls_common.c.obj)
                0x0000000000003d54                mbedtls_platform_zeroize
 .text.CC_LibInitNoRng
                0x0000000000003d68       0x64 /home/kendrik/ncs/nrfxlib/crypto/nrf_cc310_platform/lib/cortex-m4/hard-float/no-interrupts/libnrf_cc310_platform_0.9.16.a(cc_lib.c.obj)
                0x0000000000003d68                CC_LibInitNoRng
 .text.CC_HalInit
                0x0000000000003dcc        0x4 /home/kendrik/ncs/nrfxlib/crypto/nrf_cc310_platform/lib/cortex-m4/hard-float/no-interrupts/libnrf_cc310_platform_0.9.16.a(cc_hal.c.obj)
                0x0000000000003dcc                CC_HalInit
 .text.CC_HalTerminate
                0x0000000000003dd0        0x4 /home/kendrik/ncs/nrfxlib/crypto/nrf_cc310_platform/lib/cortex-m4/hard-float/no-interrupts/libnrf_cc310_platform_0.9.16.a(cc_hal.c.obj)
                0x0000000000003dd0                CC_HalTerminate
 .text.CC_HalMaskInterrupt
                0x0000000000003dd4        0xc /home/kendrik/ncs/nrfxlib/crypto/nrf_cc310_platform/lib/cortex-m4/hard-float/no-interrupts/libnrf_cc310_platform_0.9.16.a(cc_hal.c.obj)
                0x0000000000003dd4                CC_HalMaskInterrupt
 .text.CC_PalInit
                0x0000000000003de0       0x5c /home/kendrik/ncs/nrfxlib/crypto/nrf_cc310_platform/lib/cortex-m4/hard-float/no-interrupts/libnrf_cc310_platform_0.9.16.a(cc_pal.c.obj)
                0x0000000000003de0                CC_PalInit
 .text.CC_PalTerminate
                0x0000000000003e3c       0x34 /home/kendrik/ncs/nrfxlib/crypto/nrf_cc310_platform/lib/cortex-m4/hard-float/no-interrupts/libnrf_cc310_platform_0.9.16.a(cc_pal.c.obj)
                0x0000000000003e3c                CC_PalTerminate
 .text.CC_PalDmaInit
                0x0000000000003e70        0x4 /home/kendrik/ncs/nrfxlib/crypto/nrf_cc310_platform/lib/cortex-m4/hard-float/no-interrupts/libnrf_cc310_platform_0.9.16.a(cc_pal_dma.c.obj)
                0x0000000000003e70                CC_PalDmaInit
 .text.CC_PalDmaTerminate
                0x0000000000003e74        0x4 /home/kendrik/ncs/nrfxlib/crypto/nrf_cc310_platform/lib/cortex-m4/hard-float/no-interrupts/libnrf_cc310_platform_0.9.16.a(cc_pal_dma.c.obj)
                0x0000000000003e74                CC_PalDmaTerminate
 .text.CC_PalMutexCreate
                0x0000000000003e78       0x14 /home/kendrik/ncs/nrfxlib/crypto/nrf_cc310_platform/lib/cortex-m4/hard-float/no-interrupts/libnrf_cc310_platform_0.9.16.a(cc_pal_mutex.c.obj)
                0x0000000000003e78                CC_PalMutexCreate
 .text.CC_PalMutexDestroy
                0x0000000000003e8c       0x14 /home/kendrik/ncs/nrfxlib/crypto/nrf_cc310_platform/lib/cortex-m4/hard-float/no-interrupts/libnrf_cc310_platform_0.9.16.a(cc_pal_mutex.c.obj)
                0x0000000000003e8c                CC_PalMutexDestroy
 .text.CC_PalPowerSaveModeInit
                0x0000000000003ea0       0x3c /home/kendrik/ncs/nrfxlib/crypto/nrf_cc310_platform/lib/cortex-m4/hard-float/no-interrupts/libnrf_cc310_platform_0.9.16.a(cc_pal_pm.c.obj)
                0x0000000000003ea0                CC_PalPowerSaveModeInit
 .text.CC_PalPowerSaveModeSelect
                0x0000000000003edc       0x84 /home/kendrik/ncs/nrfxlib/crypto/nrf_cc310_platform/lib/cortex-m4/hard-float/no-interrupts/libnrf_cc310_platform_0.9.16.a(cc_pal_pm.c.obj)
                0x0000000000003edc                CC_PalPowerSaveModeSelect
 .text.mutex_free
                0x0000000000003f60       0x34 /home/kendrik/ncs/nrfxlib/crypto/nrf_cc310_platform/lib/cortex-m4/hard-float/no-interrupts/libnrf_cc310_platform_0.9.16.a(nrf_cc3xx_platform_mutex.c.obj)
 .text.mutex_lock
                0x0000000000003f94       0x48 /home/kendrik/ncs/nrfxlib/crypto/nrf_cc310_platform/lib/cortex-m4/hard-float/no-interrupts/libnrf_cc310_platform_0.9.16.a(nrf_cc3xx_platform_mutex.c.obj)
 .text.mutex_unlock
                0x0000000000003fdc       0x38 /home/kendrik/ncs/nrfxlib/crypto/nrf_cc310_platform/lib/cortex-m4/hard-float/no-interrupts/libnrf_cc310_platform_0.9.16.a(nrf_cc3xx_platform_mutex.c.obj)
 .text.mutex_init
                0x0000000000004014       0x20 /home/kendrik/ncs/nrfxlib/crypto/nrf_cc310_platform/lib/cortex-m4/hard-float/no-interrupts/libnrf_cc310_platform_0.9.16.a(nrf_cc3xx_platform_mutex.c.obj)
 .text.verify_context_ecdsa_verify_secp256r1
                0x0000000000004034       0x20 /home/kendrik/ncs/nrfxlib/crypto/nrf_cc310_bl/lib/cortex-m4/hard-float/no-interrupts/libnrf_cc310_bl_0.9.12.a(nrf_cc310_bl_ecdsa_verify_secp256r1.c.obj)
 .text.nrf_cc310_bl_ecdsa_verify_init_secp256r1
                0x0000000000004054       0x4c /home/kendrik/ncs/nrfxlib/crypto/nrf_cc310_bl/lib/cortex-m4/hard-float/no-interrupts/libnrf_cc310_bl_0.9.12.a(nrf_cc310_bl_ecdsa_verify_secp256r1.c.obj)
                0x0000000000004054                nrf_cc310_bl_ecdsa_verify_init_secp256r1
 .text.nrf_cc310_bl_ecdsa_verify_hash_secp256r1
                0x00000000000040a0      0x168 /home/kendrik/ncs/nrfxlib/crypto/nrf_cc310_bl/lib/cortex-m4/hard-float/no-interrupts/libnrf_cc310_bl_0.9.12.a(nrf_cc310_bl_ecdsa_verify_secp256r1.c.obj)
                0x00000000000040a0                nrf_cc310_bl_ecdsa_verify_hash_secp256r1
 .text.set_digest_in_hw_sha256
                0x0000000000004208       0x38 /home/kendrik/ncs/nrfxlib/crypto/nrf_cc310_bl/lib/cortex-m4/hard-float/no-interrupts/libnrf_cc310_bl_0.9.12.a(nrf_cc310_bl_hash_sha256.c.obj)
 .text.read_digest_in_hw_sha256
                0x0000000000004240       0x54 /home/kendrik/ncs/nrfxlib/crypto/nrf_cc310_bl/lib/cortex-m4/hard-float/no-interrupts/libnrf_cc310_bl_0.9.12.a(nrf_cc310_bl_hash_sha256.c.obj)
 .text.verify_context_hash_sha256
                0x0000000000004294       0x20 /home/kendrik/ncs/nrfxlib/crypto/nrf_cc310_bl/lib/cortex-m4/hard-float/no-interrupts/libnrf_cc310_bl_0.9.12.a(nrf_cc310_bl_hash_sha256.c.obj)
 .text.nrf_cc310_bl_hash_sha256_init
                0x00000000000042b4       0x34 /home/kendrik/ncs/nrfxlib/crypto/nrf_cc310_bl/lib/cortex-m4/hard-float/no-interrupts/libnrf_cc310_bl_0.9.12.a(nrf_cc310_bl_hash_sha256.c.obj)
                0x00000000000042b4                nrf_cc310_bl_hash_sha256_init
 .text.nrf_cc310_bl_hash_sha256_update
                0x00000000000042e8       0xb0 /home/kendrik/ncs/nrfxlib/crypto/nrf_cc310_bl/lib/cortex-m4/hard-float/no-interrupts/libnrf_cc310_bl_0.9.12.a(nrf_cc310_bl_hash_sha256.c.obj)
                0x00000000000042e8                nrf_cc310_bl_hash_sha256_update
 .text.nrf_cc310_bl_hash_sha256_finalize
                0x0000000000004398       0x60 /home/kendrik/ncs/nrfxlib/crypto/nrf_cc310_bl/lib/cortex-m4/hard-float/no-interrupts/libnrf_cc310_bl_0.9.12.a(nrf_cc310_bl_hash_sha256.c.obj)
                0x0000000000004398                nrf_cc310_bl_hash_sha256_finalize
 .text.nrf_cc310_bl_init
                0x00000000000043f8       0x34 /home/kendrik/ncs/nrfxlib/crypto/nrf_cc310_bl/lib/cortex-m4/hard-float/no-interrupts/libnrf_cc310_bl_0.9.12.a(nrf_cc310_bl_init.c.obj)
                0x00000000000043f8                nrf_cc310_bl_init
 .text.PkaSetRegsMapTab
                0x000000000000442c       0x48 /home/kendrik/ncs/nrfxlib/crypto/nrf_cc310_bl/lib/cortex-m4/hard-float/no-interrupts/libnrf_cc310_bl_0.9.12.a(pka.c.obj)
                0x000000000000442c                PkaSetRegsMapTab
 .text.PkaGetRegEffectiveSizeInBits
                0x0000000000004474       0x8c /home/kendrik/ncs/nrfxlib/crypto/nrf_cc310_bl/lib/cortex-m4/hard-float/no-interrupts/libnrf_cc310_bl_0.9.12.a(pka.c.obj)
                0x0000000000004474                PkaGetRegEffectiveSizeInBits
 .text.PkaGetNextMsBit
                0x0000000000004500       0x74 /home/kendrik/ncs/nrfxlib/crypto/nrf_cc310_bl/lib/cortex-m4/hard-float/no-interrupts/libnrf_cc310_bl_0.9.12.a(pka.c.obj)
                0x0000000000004500                PkaGetNextMsBit
 .text.PkaSetRegsSizesTab
                0x0000000000004574       0x3c /home/kendrik/ncs/nrfxlib/crypto/nrf_cc310_bl/lib/cortex-m4/hard-float/no-interrupts/libnrf_cc310_bl_0.9.12.a(pka.c.obj)
                0x0000000000004574                PkaSetRegsSizesTab
 .text.PkaInitPka
                0x00000000000045b0       0x74 /home/kendrik/ncs/nrfxlib/crypto/nrf_cc310_bl/lib/cortex-m4/hard-float/no-interrupts/libnrf_cc310_bl_0.9.12.a(pka.c.obj)
                0x00000000000045b0                PkaInitPka
 .text.PkaClearBlockOfRegs
                0x0000000000004624      0x130 /home/kendrik/ncs/nrfxlib/crypto/nrf_cc310_bl/lib/cortex-m4/hard-float/no-interrupts/libnrf_cc310_bl_0.9.12.a(pka.c.obj)
                0x0000000000004624                PkaClearBlockOfRegs
 .text.PkaFinishAndMutexUnlock
                0x0000000000004754       0x24 /home/kendrik/ncs/nrfxlib/crypto/nrf_cc310_bl/lib/cortex-m4/hard-float/no-interrupts/libnrf_cc310_bl_0.9.12.a(pka.c.obj)
                0x0000000000004754                PkaFinishAndMutexUnlock
 .text.PkaCopyDataIntoPkaReg
                0x0000000000004778       0xb8 /home/kendrik/ncs/nrfxlib/crypto/nrf_cc310_bl/lib/cortex-m4/hard-float/no-interrupts/libnrf_cc310_bl_0.9.12.a(pka.c.obj)
                0x0000000000004778                PkaCopyDataIntoPkaReg
 .text.PkaEcdsaVerify
                0x0000000000004830      0x284 /home/kendrik/ncs/nrfxlib/crypto/nrf_cc310_bl/lib/cortex-m4/hard-float/no-interrupts/libnrf_cc310_bl_0.9.12.a(pka_ec_wrst_dsa_verify.c.obj)
                0x0000000000004830                PkaEcdsaVerify
 .text.nrf_cc310_bl_hash_update_internal
                0x0000000000004ab4       0xf0 /home/kendrik/ncs/nrfxlib/crypto/nrf_cc310_bl/lib/cortex-m4/hard-float/no-interrupts/libnrf_cc310_bl_0.9.12.a(nrf_cc310_bl_hash.c.obj)
                0x0000000000004ab4                nrf_cc310_bl_hash_update_internal
 .text.PkaDoubleMdf2Mdf
                0x0000000000004ba4      0x1ac /home/kendrik/ncs/nrfxlib/crypto/nrf_cc310_bl/lib/cortex-m4/hard-float/no-interrupts/libnrf_cc310_bl_0.9.12.a(pka_ec_wrst.c.obj)
                0x0000000000004ba4                PkaDoubleMdf2Mdf
 .text.PkaDoubleMdf2Jcb
                0x0000000000004d50      0x178 /home/kendrik/ncs/nrfxlib/crypto/nrf_cc310_bl/lib/cortex-m4/hard-float/no-interrupts/libnrf_cc310_bl_0.9.12.a(pka_ec_wrst.c.obj)
                0x0000000000004d50                PkaDoubleMdf2Jcb
 .text.PkaAddJcbAfn2Mdf
                0x0000000000004ec8      0x194 /home/kendrik/ncs/nrfxlib/crypto/nrf_cc310_bl/lib/cortex-m4/hard-float/no-interrupts/libnrf_cc310_bl_0.9.12.a(pka_ec_wrst.c.obj)
                0x0000000000004ec8                PkaAddJcbAfn2Mdf
 .text.PkaJcb2Afn
                0x000000000000505c       0xb0 /home/kendrik/ncs/nrfxlib/crypto/nrf_cc310_bl/lib/cortex-m4/hard-float/no-interrupts/libnrf_cc310_bl_0.9.12.a(pka_ec_wrst.c.obj)
                0x000000000000505c                PkaJcb2Afn
 .text.PkaAddAff
                0x000000000000510c      0x114 /home/kendrik/ncs/nrfxlib/crypto/nrf_cc310_bl/lib/cortex-m4/hard-float/no-interrupts/libnrf_cc310_bl_0.9.12.a(pka_ec_wrst.c.obj)
                0x000000000000510c                PkaAddAff
 .text.PkaSum2ScalarMullt
                0x0000000000005220      0x1e4 /home/kendrik/ncs/nrfxlib/crypto/nrf_cc310_bl/lib/cortex-m4/hard-float/no-interrupts/libnrf_cc310_bl_0.9.12.a(pka_ec_wrst.c.obj)
                0x0000000000005220                PkaSum2ScalarMullt
 .text.SaSi_HalClearInterruptBit
                0x0000000000005404        0xc /home/kendrik/ncs/nrfxlib/crypto/nrf_cc310_bl/lib/cortex-m4/hard-float/no-interrupts/libnrf_cc310_bl_0.9.12.a(ssi_hal.c.obj)
                0x0000000000005404                SaSi_HalClearInterruptBit
 .text.SaSi_HalMaskInterrupt
                0x0000000000005410        0xc /home/kendrik/ncs/nrfxlib/crypto/nrf_cc310_bl/lib/cortex-m4/hard-float/no-interrupts/libnrf_cc310_bl_0.9.12.a(ssi_hal.c.obj)
                0x0000000000005410                SaSi_HalMaskInterrupt
 .text.SaSi_HalWaitInterrupt
                0x000000000000541c       0x18 /home/kendrik/ncs/nrfxlib/crypto/nrf_cc310_bl/lib/cortex-m4/hard-float/no-interrupts/libnrf_cc310_bl_0.9.12.a(ssi_hal.c.obj)
                0x000000000000541c                SaSi_HalWaitInterrupt
 .text._OffsetAbsSyms
                0x0000000000005434        0x2 zephyr/CMakeFiles/offsets.dir/./arch/arm/core/offsets/offsets.c.obj
                0x0000000000005434                _OffsetAbsSyms
 .text.flash_device_base
                0x0000000000005436        0xc app/libapp.a(flash_map_extended.c.obj)
                0x0000000000005436                flash_device_base
 .text.flash_area_id_from_multi_image_slot
                0x0000000000005442       0x14 app/libapp.a(flash_map_extended.c.obj)
                0x0000000000005442                flash_area_id_from_multi_image_slot
 .text.flash_area_get_device_id
                0x0000000000005456        0x4 app/libapp.a(flash_map_extended.c.obj)
                0x0000000000005456                flash_area_get_device_id
 .text.os_heap_init
                0x000000000000545a        0x2 app/libapp.a(os.c.obj)
                0x000000000000545a                os_heap_init
 .text.bootutil_tlv_iter_begin
                0x000000000000545c       0x9c app/libapp.a(tlv.c.obj)
                0x000000000000545c                bootutil_tlv_iter_begin
 .text.bootutil_tlv_iter_next
                0x00000000000054f8       0x98 app/libapp.a(tlv.c.obj)
                0x00000000000054f8                bootutil_tlv_iter_next
 .text.bootutil_read_bigint
                0x0000000000005590       0x58 app/libapp.a(image_ec256.c.obj)
 .text.boot_fih_memequal
                0x00000000000055e8        0x4 app/libapp.a(bootutil_misc.c.obj)
                0x00000000000055e8                boot_fih_memequal
 .text.boot_trailer_sz
                0x00000000000055ec        0xa app/libapp.a(bootutil_misc.c.obj)
                0x00000000000055ec                boot_trailer_sz
 .text.boot_status_entries
                0x00000000000055f6       0x14 app/libapp.a(bootutil_misc.c.obj)
                0x00000000000055f6                boot_status_entries
 .text.boot_status_off
                0x000000000000560a       0x16 app/libapp.a(bootutil_misc.c.obj)
                0x000000000000560a                boot_status_off
 .text.boot_write_copy_done
                0x0000000000005620       0x10 app/libapp.a(bootutil_misc.c.obj)
                0x0000000000005620                boot_write_copy_done
 .text.boot_write_swap_size
                0x0000000000005630       0x1e app/libapp.a(bootutil_misc.c.obj)
                0x0000000000005630                boot_write_swap_size
 .text.bootutil_max_image_size
                0x000000000000564e       0x1a app/libapp.a(bootutil_misc.c.obj)
                0x000000000000564e                bootutil_max_image_size
 .text.boot_read_image_headers
                0x0000000000005668       0x2c app/libapp.a(loader.c.obj)
 .text.boot_read_image_size.constprop.0.isra.0
                0x0000000000005694       0x82 app/libapp.a(loader.c.obj)
 .text.boot_read_sectors
                0x0000000000005716       0x44 app/libapp.a(loader.c.obj)
 .text.boot_status_reset
                0x000000000000575a       0x12 app/libapp.a(loader.c.obj)
                0x000000000000575a                boot_status_reset
 .text.boot_status_is_reset
                0x000000000000576c       0x1a app/libapp.a(loader.c.obj)
                0x000000000000576c                boot_status_is_reset
 .text.boot_write_status
                0x0000000000005786       0x64 app/libapp.a(loader.c.obj)
                0x0000000000005786                boot_write_status
 .text.boot_erase_region
                0x00000000000057ea        0x4 app/libapp.a(loader.c.obj)
                0x00000000000057ea                boot_erase_region
 .text.swap_erase_trailer_sectors
                0x00000000000057ee       0x6a app/libapp.a(swap_misc.c.obj)
                0x00000000000057ee                swap_erase_trailer_sectors
 .text.swap_status_init
                0x0000000000005858       0x3e app/libapp.a(swap_misc.c.obj)
                0x0000000000005858                swap_status_init
 .text.swap_read_status
                0x0000000000005896       0x7a app/libapp.a(swap_misc.c.obj)
                0x0000000000005896                swap_read_status
 .text.swap_set_copy_done
                0x0000000000005910       0x24 app/libapp.a(swap_misc.c.obj)
                0x0000000000005910                swap_set_copy_done
 .text.swap_set_image_ok
                0x0000000000005934       0x3c app/libapp.a(swap_misc.c.obj)
                0x0000000000005934                swap_set_image_ok
 .text.swap_read_status_bytes
                0x0000000000005970       0x9c app/libapp.a(swap_move.c.obj)
                0x0000000000005970                swap_read_status_bytes
 .text.boot_status_internal_off
                0x0000000000005a0c       0x26 app/libapp.a(swap_move.c.obj)
                0x0000000000005a0c                boot_status_internal_off
 .text.boot_slots_compatible
                0x0000000000005a32       0x52 app/libapp.a(swap_move.c.obj)
                0x0000000000005a32                boot_slots_compatible
 .text.swap_status_source
                0x0000000000005a84       0x38 app/libapp.a(swap_move.c.obj)
                0x0000000000005a84                swap_status_source
 .text.mbedtls_asn1_get_len
                0x0000000000005abc       0x98 app/libapp.a(asn1parse.c.obj)
                0x0000000000005abc                mbedtls_asn1_get_len
 .text.mbedtls_asn1_get_tag
                0x0000000000005b54       0x28 app/libapp.a(asn1parse.c.obj)
                0x0000000000005b54                mbedtls_asn1_get_tag
 .text.mbedtls_asn1_get_bitstring_null
                0x0000000000005b7c       0x28 app/libapp.a(asn1parse.c.obj)
                0x0000000000005b7c                mbedtls_asn1_get_bitstring_null
 .text.mbedtls_asn1_get_alg
                0x0000000000005ba4       0x94 app/libapp.a(asn1parse.c.obj)
                0x0000000000005ba4                mbedtls_asn1_get_alg
 .text.cc310_sha256_update
                0x0000000000005c38       0x36 app/libapp.a(cc310_glue.c.obj)
                0x0000000000005c38                cc310_sha256_update
 .text.process_recheck
                0x0000000000005c6e       0x38 zephyr/libzephyr.a(onoff.c.obj)
 .text.validate_args
                0x0000000000005ca6       0x20 zephyr/libzephyr.a(onoff.c.obj)
 .text.notify_one
                0x0000000000005cc6       0x2c zephyr/libzephyr.a(onoff.c.obj)
 .text.transition_complete
                0x0000000000005cf2       0x1e zephyr/libzephyr.a(onoff.c.obj)
 .text.onoff_manager_init
                0x0000000000005d10       0x26 zephyr/libzephyr.a(onoff.c.obj)
                0x0000000000005d10                onoff_manager_init
 .text.onoff_request
                0x0000000000005d36       0xb0 zephyr/libzephyr.a(onoff.c.obj)
                0x0000000000005d36                onoff_request
 .text.sys_notify_validate
                0x0000000000005de6       0x22 zephyr/libzephyr.a(notify.c.obj)
                0x0000000000005de6                sys_notify_validate
 .text.sys_notify_finalize
                0x0000000000005e08       0x1a zephyr/libzephyr.a(notify.c.obj)
                0x0000000000005e08                sys_notify_finalize
 .text._ConfigAbsSyms
                0x0000000000005e22        0x2 zephyr/libzephyr.a(configs.c.obj)
                0x0000000000005e22                _ConfigAbsSyms
 .text.flash_area_close
                0x0000000000005e24        0x2 zephyr/libzephyr.a(flash_map.c.obj)
                0x0000000000005e24                flash_area_close
 .text.flash_area_read
                0x0000000000005e26       0x2a zephyr/libzephyr.a(flash_map.c.obj)
                0x0000000000005e26                flash_area_read
 .text.flash_area_write
                0x0000000000005e50       0x2a zephyr/libzephyr.a(flash_map.c.obj)
                0x0000000000005e50                flash_area_write
 .text.flash_area_erase
                0x0000000000005e7a       0x2c zephyr/libzephyr.a(flash_map.c.obj)
                0x0000000000005e7a                flash_area_erase
 .text.flash_area_align
                0x0000000000005ea6        0xe zephyr/libzephyr.a(flash_map.c.obj)
                0x0000000000005ea6                flash_area_align
 .text.flash_area_erased_val
                0x0000000000005eb4        0xe zephyr/libzephyr.a(flash_map.c.obj)
                0x0000000000005eb4                flash_area_erased_val
 .text.get_sectors_cb
                0x0000000000005ec2       0x44 zephyr/libzephyr.a(flash_map_layout.c.obj)
 .text.abort_function
                0x0000000000005f06        0x2 zephyr/libzephyr.a(nrf_cc3xx_platform_abort_zephyr.c.obj)
 .text.nrf_cc3xx_platform_mutex_init
                0x0000000000005f08        0x2 zephyr/libzephyr.a(nrf_cc3xx_platform_no_mutex_zephyr.c.obj)
                0x0000000000005f08                nrf_cc3xx_platform_mutex_init
 .text.z_arm_fatal_error
                0x0000000000005f0a        0x4 zephyr/arch/arch/arm/core/aarch32/libarch__arm__core__aarch32.a(fatal.c.obj)
                0x0000000000005f0a                z_arm_fatal_error
 .text.z_do_kernel_oops
                0x0000000000005f0e        0x8 zephyr/arch/arch/arm/core/aarch32/libarch__arm__core__aarch32.a(fatal.c.obj)
                0x0000000000005f0e                z_do_kernel_oops
 .text.z_irq_spurious
                0x0000000000005f16        0x8 zephyr/arch/arch/arm/core/aarch32/libarch__arm__core__aarch32.a(irq_manage.c.obj)
                0x0000000000005f16                z_irq_spurious
 .text.z_arm_nmi
                0x0000000000005f1e        0xe zephyr/arch/arch/arm/core/aarch32/libarch__arm__core__aarch32.a(nmi.c.obj)
                0x0000000000005f1e                z_arm_nmi
 .text.memcmp   0x0000000000005f2c       0x20 zephyr/lib/libc/minimal/liblib__libc__minimal.a(string.c.obj)
                0x0000000000005f2c                memcmp
 .text.memmove  0x0000000000005f4c       0x2e zephyr/lib/libc/minimal/liblib__libc__minimal.a(string.c.obj)
                0x0000000000005f4c                memmove
 .text.memcpy   0x0000000000005f7a       0x16 zephyr/lib/libc/minimal/liblib__libc__minimal.a(string.c.obj)
                0x0000000000005f7a                memcpy
 .text.memset   0x0000000000005f90       0x12 zephyr/lib/libc/minimal/liblib__libc__minimal.a(string.c.obj)
                0x0000000000005f90                memset
 .text.get_status
                0x0000000000005fa2       0x12 zephyr/drivers/clock_control/libdrivers__clock_control.a(clock_control_nrf.c.obj)
 .text.set_on_state
                0x0000000000005fb4       0x26 zephyr/drivers/clock_control/libdrivers__clock_control.a(clock_control_nrf.c.obj)
 .text.stop     0x0000000000005fda       0x54 zephyr/drivers/clock_control/libdrivers__clock_control.a(clock_control_nrf.c.obj)
 .text.api_stop
                0x000000000000602e        0x6 zephyr/drivers/clock_control/libdrivers__clock_control.a(clock_control_nrf.c.obj)
 .text.async_start
                0x0000000000006034       0x5e zephyr/drivers/clock_control/libdrivers__clock_control.a(clock_control_nrf.c.obj)
 .text.api_start
                0x0000000000006092        0xe zephyr/drivers/clock_control/libdrivers__clock_control.a(clock_control_nrf.c.obj)
 .text.api_blocking_start
                0x00000000000060a0        0x6 zephyr/drivers/clock_control/libdrivers__clock_control.a(clock_control_nrf.c.obj)
 .text.onoff_started_callback
                0x00000000000060a6       0x14 zephyr/drivers/clock_control/libdrivers__clock_control.a(clock_control_nrf.c.obj)
 .text.lfclk_start
                0x00000000000060ba        0x6 zephyr/drivers/clock_control/libdrivers__clock_control.a(clock_control_nrf.c.obj)
 .text.lfclk_stop
                0x00000000000060c0        0x6 zephyr/drivers/clock_control/libdrivers__clock_control.a(clock_control_nrf.c.obj)
 .text.gpio_nrfx_port_get_raw
                0x00000000000060c6        0xe zephyr/drivers/gpio/libdrivers__gpio.a(gpio_nrfx.c.obj)
 .text.gpio_nrfx_port_set_masked_raw
                0x00000000000060d4       0x18 zephyr/drivers/gpio/libdrivers__gpio.a(gpio_nrfx.c.obj)
 .text.gpio_nrfx_port_set_bits_raw
                0x00000000000060ec        0xc zephyr/drivers/gpio/libdrivers__gpio.a(gpio_nrfx.c.obj)
 .text.gpio_nrfx_port_clear_bits_raw
                0x00000000000060f8        0xc zephyr/drivers/gpio/libdrivers__gpio.a(gpio_nrfx.c.obj)
 .text.gpio_nrfx_port_toggle_bits
                0x0000000000006104       0x1a zephyr/drivers/gpio/libdrivers__gpio.a(gpio_nrfx.c.obj)
 .text.gpio_nrfx_manage_callback
                0x000000000000611e       0x52 zephyr/drivers/gpio/libdrivers__gpio.a(gpio_nrfx.c.obj)
 .text.qspi_handler
                0x0000000000006170        0x8 zephyr/drivers/flash/libdrivers__flash.a(nrf_qspi_nor.c.obj)
 .text.qspi_send_cmd.constprop.0
                0x0000000000006178       0x62 zephyr/drivers/flash/libdrivers__flash.a(nrf_qspi_nor.c.obj)
 .text.qspi_rdsr.constprop.0.isra.0
                0x00000000000061da       0x36 zephyr/drivers/flash/libdrivers__flash.a(nrf_qspi_nor.c.obj)
 .text.qspi_nor_write_protection_set.isra.0
                0x0000000000006210       0x2a zephyr/drivers/flash/libdrivers__flash.a(nrf_qspi_nor.c.obj)
 .text.is_regular_addr_valid
                0x000000000000623a       0x22 zephyr/drivers/flash/libdrivers__flash.a(soc_flash_nrf.c.obj)
 .text.flash_nrf_read
                0x000000000000625c       0x28 zephyr/drivers/flash/libdrivers__flash.a(soc_flash_nrf.c.obj)
 .text.flash_get_page_info
                0x0000000000006284       0x66 zephyr/drivers/flash/libdrivers__flash.a(flash_page_layout.c.obj)
 .text.z_impl_flash_get_page_info_by_offs
                0x00000000000062ea        0x8 zephyr/drivers/flash/libdrivers__flash.a(flash_page_layout.c.obj)
                0x00000000000062ea                z_impl_flash_get_page_info_by_offs
 .text.flash_page_foreach
                0x00000000000062f2       0x58 zephyr/drivers/flash/libdrivers__flash.a(flash_page_layout.c.obj)
                0x00000000000062f2                flash_page_foreach
 .text.sys_clock_set_timeout
                0x000000000000634a        0x2 zephyr/drivers/timer/libdrivers__timer.a(nrf_rtc_timer.c.obj)
                0x000000000000634a                sys_clock_set_timeout
 .text.sys_clock_elapsed
                0x000000000000634c        0x4 zephyr/drivers/timer/libdrivers__timer.a(nrf_rtc_timer.c.obj)
                0x000000000000634c                sys_clock_elapsed
 .text.pinctrl_lookup_state
                0x0000000000006350       0x2c zephyr/drivers/pinctrl/libdrivers__pinctrl.a(common.c.obj)
                0x0000000000006350                pinctrl_lookup_state
 .text.fprotect_set_permission
                0x000000000000637c       0x7e modules/nrf/lib/fprotect/lib..__nrf__lib__fprotect.a(fprotect_acl.c.obj)
 .text.fprotect_area
                0x00000000000063fa        0x6 modules/nrf/lib/fprotect/lib..__nrf__lib__fprotect.a(fprotect_acl.c.obj)
                0x00000000000063fa                fprotect_area
 .text.hw_cc3xx_init_internal
                0x0000000000006400        0x4 modules/nrf/drivers/hw_cc310/lib..__nrf__drivers__hw_cc310.a(hw_cc310.c.obj)
 .text.hw_cc3xx_init
                0x0000000000006404       0x12 modules/nrf/drivers/hw_cc310/lib..__nrf__drivers__hw_cc310.a(hw_cc310.c.obj)
 .text.boot_swap_info_off
                0x0000000000006416        0xc modules/mcuboot/boot/bootutil/zephyr/libmcuboot_util.a(bootutil_public.c.obj)
                0x0000000000006416                boot_swap_info_off
 .text.boot_magic_compatible_check
                0x0000000000006422       0x1c modules/mcuboot/boot/bootutil/zephyr/libmcuboot_util.a(bootutil_public.c.obj)
                0x0000000000006422                boot_magic_compatible_check
 .text.bootutil_buffer_is_erased
                0x000000000000643e       0x26 modules/mcuboot/boot/bootutil/zephyr/libmcuboot_util.a(bootutil_public.c.obj)
                0x000000000000643e                bootutil_buffer_is_erased
 .text.boot_read_flag
                0x0000000000006464       0x38 modules/mcuboot/boot/bootutil/zephyr/libmcuboot_util.a(bootutil_public.c.obj)
 .text.boot_write_trailer
                0x000000000000649c       0x58 modules/mcuboot/boot/bootutil/zephyr/libmcuboot_util.a(bootutil_public.c.obj)
                0x000000000000649c                boot_write_trailer
 .text.boot_write_trailer_flag
                0x00000000000064f4       0x14 modules/mcuboot/boot/bootutil/zephyr/libmcuboot_util.a(bootutil_public.c.obj)
                0x00000000000064f4                boot_write_trailer_flag
 .text.boot_write_image_ok
                0x0000000000006508        0xe modules/mcuboot/boot/bootutil/zephyr/libmcuboot_util.a(bootutil_public.c.obj)
                0x0000000000006508                boot_write_image_ok
 .text.boot_read_image_ok
                0x0000000000006516        0xc modules/mcuboot/boot/bootutil/zephyr/libmcuboot_util.a(bootutil_public.c.obj)
                0x0000000000006516                boot_read_image_ok
 .text.boot_read_swap_state_by_id
                0x0000000000006522       0x28 modules/mcuboot/boot/bootutil/zephyr/libmcuboot_util.a(bootutil_public.c.obj)
                0x0000000000006522                boot_read_swap_state_by_id
 .text.boot_write_swap_info
                0x000000000000654a       0x22 modules/mcuboot/boot/bootutil/zephyr/libmcuboot_util.a(bootutil_public.c.obj)
                0x000000000000654a                boot_write_swap_info
 .text.nrfx_isr
                0x000000000000656c        0x2 modules/hal_nordic/nrfx/libmodules__hal_nordic__nrfx.a(nrfx_glue.c.obj)
                0x000000000000656c                nrfx_isr
 .text.nrfx_busy_wait
                0x000000000000656e        0x4 modules/hal_nordic/nrfx/libmodules__hal_nordic__nrfx.a(nrfx_glue.c.obj)
                0x000000000000656e                nrfx_busy_wait
 .text.nrfx_clock_enable
                0x0000000000006572       0x1a modules/hal_nordic/nrfx/libmodules__hal_nordic__nrfx.a(nrfx_clock.c.obj)
                0x0000000000006572                nrfx_clock_enable
 .text.nrfx_clock_start
                0x000000000000658c       0x78 modules/hal_nordic/nrfx/libmodules__hal_nordic__nrfx.a(nrfx_clock.c.obj)
                0x000000000000658c                nrfx_clock_start
 .text.nrfx_clock_stop
                0x0000000000006604        0x4 modules/hal_nordic/nrfx/libmodules__hal_nordic__nrfx.a(nrfx_clock.c.obj)
                0x0000000000006604                nrfx_clock_stop
 .text.nrf_gpio_reconfigure
                0x0000000000006608       0x92 modules/hal_nordic/nrfx/libmodules__hal_nordic__nrfx.a(nrfx_gpiote.c.obj)
 .text.nrf_gpio_cfg_sense_set
                0x000000000000669a       0x1e modules/hal_nordic/nrfx/libmodules__hal_nordic__nrfx.a(nrfx_gpiote.c.obj)
 .text.nrfx_nvmc_flash_size_get
                0x00000000000066b8        0xc modules/hal_nordic/nrfx/libmodules__hal_nordic__nrfx.a(nrfx_nvmc.c.obj)
                0x00000000000066b8                nrfx_nvmc_flash_size_get
 .text.nrfx_nvmc_flash_page_size_get
                0x00000000000066c4        0x8 modules/hal_nordic/nrfx/libmodules__hal_nordic__nrfx.a(nrfx_nvmc.c.obj)
                0x00000000000066c4                nrfx_nvmc_flash_page_size_get
 .text.nrfx_nvmc_flash_page_count_get
                0x00000000000066cc        0x8 modules/hal_nordic/nrfx/libmodules__hal_nordic__nrfx.a(nrfx_nvmc.c.obj)
                0x00000000000066cc                nrfx_nvmc_flash_page_count_get
 .text.nrf_gpio_cfg_default
                0x00000000000066d4       0x1c modules/hal_nordic/nrfx/libmodules__hal_nordic__nrfx.a(nrfx_qspi.c.obj)
 .text.nrfx_qspi_write
                0x00000000000066f0        0x6 modules/hal_nordic/nrfx/libmodules__hal_nordic__nrfx.a(nrfx_qspi.c.obj)
                0x00000000000066f0                nrfx_qspi_write
 .text.nrfx_qspi_read
                0x00000000000066f6        0x6 modules/hal_nordic/nrfx/libmodules__hal_nordic__nrfx.a(nrfx_qspi.c.obj)
                0x00000000000066f6                nrfx_qspi_read
 .text.nrfx_qspi_chip_erase
                0x00000000000066fc        0x8 modules/hal_nordic/nrfx/libmodules__hal_nordic__nrfx.a(nrfx_qspi.c.obj)
                0x00000000000066fc                nrfx_qspi_chip_erase
 .text.z_device_state_init
                0x0000000000006704        0x2 zephyr/kernel/libkernel.a(device.c.obj)
                0x0000000000006704                z_device_state_init
 .text.z_device_is_ready
                0x0000000000006706       0x16 zephyr/kernel/libkernel.a(device.c.obj)
                0x0000000000006706                z_device_is_ready
 .text.arch_system_halt
                0x000000000000671c       0x12 zephyr/kernel/libkernel.a(fatal.c.obj)
                0x000000000000671c                arch_system_halt
 .text.k_sys_fatal_error_handler
                0x000000000000672e        0x6 zephyr/kernel/libkernel.a(fatal.c.obj)
                0x000000000000672e                k_sys_fatal_error_handler
 .text.z_fatal_error
                0x0000000000006734       0x20 zephyr/kernel/libkernel.a(fatal.c.obj)
                0x0000000000006734                z_fatal_error
 .text.z_early_memset
                0x0000000000006754        0x4 zephyr/kernel/libkernel.a(init.c.obj)
                0x0000000000006754                z_early_memset
 .text.z_early_memcpy
                0x0000000000006758        0x4 zephyr/kernel/libkernel.a(init.c.obj)
                0x0000000000006758                z_early_memcpy
 .text.k_is_in_isr
                0x000000000000675c        0xc zephyr/kernel/libkernel.a(thread.c.obj)
                0x000000000000675c                k_is_in_isr
 .text.z_impl_k_busy_wait
                0x0000000000006768        0x8 zephyr/kernel/libkernel.a(timeout.c.obj)
                0x0000000000006768                z_impl_k_busy_wait
 .text.boot_banner
                0x0000000000006770        0x2 zephyr/kernel/libkernel.a(banner.c.obj)
                0x0000000000006770                boot_banner
 .text.nrf_cc310_bl_ecdsa_verify_secp256r1
                0x0000000000006772       0x26 /home/kendrik/ncs/nrfxlib/crypto/nrf_cc310_bl/lib/cortex-m4/hard-float/no-interrupts/libnrf_cc310_bl_0.9.12.a(nrf_cc310_bl_ecdsa_verify_secp256r1.c.obj)
                0x0000000000006772                nrf_cc310_bl_ecdsa_verify_secp256r1
 .text.PkaInitAndMutexLock
                0x0000000000006798        0x8 /home/kendrik/ncs/nrfxlib/crypto/nrf_cc310_bl/lib/cortex-m4/hard-float/no-interrupts/libnrf_cc310_bl_0.9.12.a(pka.c.obj)
                0x0000000000006798                PkaInitAndMutexLock
 .text.SaSi_PalMemCopy
                0x00000000000067a0        0x4 /home/kendrik/ncs/nrfxlib/crypto/nrf_cc310_bl/lib/cortex-m4/hard-float/no-interrupts/libnrf_cc310_bl_0.9.12.a(ssi_pal_mem.c.obj)
                0x00000000000067a0                SaSi_PalMemCopy
 .text.SaSi_PalMemSet
                0x00000000000067a4        0x4 /home/kendrik/ncs/nrfxlib/crypto/nrf_cc310_bl/lib/cortex-m4/hard-float/no-interrupts/libnrf_cc310_bl_0.9.12.a(ssi_pal_mem.c.obj)
                0x00000000000067a4                SaSi_PalMemSet
 .text.SaSi_PalMemSetZero
                0x00000000000067a8        0x8 /home/kendrik/ncs/nrfxlib/crypto/nrf_cc310_bl/lib/cortex-m4/hard-float/no-interrupts/libnrf_cc310_bl_0.9.12.a(ssi_pal_mem.c.obj)
                0x00000000000067a8                SaSi_PalMemSetZero
 .text.CRYS_COMMON_ReverseMemcpy32
                0x00000000000067b0       0x1a /home/kendrik/ncs/nrfxlib/crypto/nrf_cc310_bl/lib/cortex-m4/hard-float/no-interrupts/libnrf_cc310_bl_0.9.12.a(crys_common_conv_endian.c.obj)
                0x00000000000067b0                CRYS_COMMON_ReverseMemcpy32
 *(SORT_BY_ALIGNMENT(.TEXT.*))
 *(SORT_BY_ALIGNMENT(.gnu.linkonce.t.*))
 *(SORT_BY_ALIGNMENT(.glue_7t))
 .glue_7t       0x00000000000067ca        0x0 linker stubs
 *(SORT_BY_ALIGNMENT(.glue_7))
 .glue_7        0x00000000000067ca        0x0 linker stubs
 *(SORT_BY_ALIGNMENT(.vfp11_veneer))
 .vfp11_veneer  0x00000000000067ca        0x0 linker stubs
 *(SORT_BY_ALIGNMENT(.v4_bx))
 .v4_bx         0x00000000000067ca        0x0 linker stubs
                0x00000000000067cc                . = ALIGN (0x4)
 *fill*         0x00000000000067ca        0x2 
                0x00000000000067cc                __text_region_end = .

.ARM.exidx      0x00000000000067cc        0x0
                0x00000000000067cc                __exidx_start = .
 *(SORT_BY_ALIGNMENT(.ARM.exidx*) SORT_BY_ALIGNMENT(gnu.linkonce.armexidx.*))
                0x00000000000067cc                __exidx_end = .
                0x00000000000067cc                __rodata_region_start = .

initlevel       0x00000000000067cc       0x48
                0x00000000000067cc                __init_start = .
                0x00000000000067cc                __init_EARLY_start = .
 *(SORT_BY_NAME(SORT_BY_ALIGNMENT(.z_init_EARLY[0-9]_*)))
 *(SORT_BY_NAME(SORT_BY_ALIGNMENT(.z_init_EARLY[1-9][0-9]_*)))
                0x00000000000067cc                __init_PRE_KERNEL_1_start = .
 *(SORT_BY_NAME(SORT_BY_ALIGNMENT(.z_init_PRE_KERNEL_1[0-9]_*)))
 .z_init_PRE_KERNEL_10_
                0x00000000000067cc        0x8 zephyr/soc/arm/nordic_nrf/nrf52/libsoc__arm__nordic_nrf__nrf52.a(soc.c.obj)
 *(SORT_BY_NAME(SORT_BY_ALIGNMENT(.z_init_PRE_KERNEL_1[1-9][0-9]_*)))
 .z_init_PRE_KERNEL_130_
                0x00000000000067d4        0x8 zephyr/drivers/clock_control/libdrivers__clock_control.a(clock_control_nrf.c.obj)
 .z_init_PRE_KERNEL_140_
                0x00000000000067dc       0x10 zephyr/drivers/gpio/libdrivers__gpio.a(gpio_nrfx.c.obj)
 .z_init_PRE_KERNEL_140_
                0x00000000000067ec        0x8 modules/nrf/drivers/hw_cc310/lib..__nrf__drivers__hw_cc310.a(hw_cc310.c.obj)
                0x00000000000067f4                __init_PRE_KERNEL_2_start = .
 *(SORT_BY_NAME(SORT_BY_ALIGNMENT(.z_init_PRE_KERNEL_2[0-9]_*)))
 .z_init_PRE_KERNEL_20_
                0x00000000000067f4        0x8 zephyr/drivers/timer/libdrivers__timer.a(nrf_rtc_timer.c.obj)
 *(SORT_BY_NAME(SORT_BY_ALIGNMENT(.z_init_PRE_KERNEL_2[1-9][0-9]_*)))
                0x00000000000067fc                __init_POST_KERNEL_start = .
 *(SORT_BY_NAME(SORT_BY_ALIGNMENT(.z_init_POST_KERNEL[0-9]_*)))
 *(SORT_BY_NAME(SORT_BY_ALIGNMENT(.z_init_POST_KERNEL[1-9][0-9]_*)))
 .z_init_POST_KERNEL40_
                0x00000000000067fc        0x8 modules/nrf/drivers/hw_cc310/lib..__nrf__drivers__hw_cc310.a(hw_cc310.c.obj)
 .z_init_POST_KERNEL50_
                0x0000000000006804        0x8 zephyr/drivers/flash/libdrivers__flash.a(soc_flash_nrf.c.obj)
 .z_init_POST_KERNEL80_
                0x000000000000680c        0x8 zephyr/drivers/flash/libdrivers__flash.a(nrf_qspi_nor.c.obj)
                0x0000000000006814                __init_APPLICATION_start = .
 *(SORT_BY_NAME(SORT_BY_ALIGNMENT(.z_init_APPLICATION[0-9]_*)))
 *(SORT_BY_NAME(SORT_BY_ALIGNMENT(.z_init_APPLICATION[1-9][0-9]_*)))
                0x0000000000006814                __init_SMP_start = .
 *(SORT_BY_NAME(SORT_BY_ALIGNMENT(.z_init_SMP[0-9]_*)))
 *(SORT_BY_NAME(SORT_BY_ALIGNMENT(.z_init_SMP[1-9][0-9]_*)))
                0x0000000000006814                __init_end = .

devices         0x0000000000006814       0x78
                0x0000000000006814                __device_start = .
                0x0000000000006814                __device_EARLY_start = .
 *(SORT_BY_NAME(SORT_BY_ALIGNMENT(.z_device_EARLY[0-9]_*)))
 *(SORT_BY_NAME(SORT_BY_ALIGNMENT(.z_device_EARLY[1-9][0-9]_*)))
                0x0000000000006814                __device_PRE_KERNEL_1_start = .
 *(SORT_BY_NAME(SORT_BY_ALIGNMENT(.z_device_PRE_KERNEL_1[0-9]_*)))
 *(SORT_BY_NAME(SORT_BY_ALIGNMENT(.z_device_PRE_KERNEL_1[1-9][0-9]_*)))
 .z_device_PRE_KERNEL_130_
                0x0000000000006814       0x18 zephyr/drivers/clock_control/libdrivers__clock_control.a(clock_control_nrf.c.obj)
                0x0000000000006814                __device_dts_ord_74
 .z_device_PRE_KERNEL_140_
                0x000000000000682c       0x30 zephyr/drivers/gpio/libdrivers__gpio.a(gpio_nrfx.c.obj)
                0x000000000000682c                __device_dts_ord_105
                0x0000000000006844                __device_dts_ord_11
                0x000000000000685c                __device_PRE_KERNEL_2_start = .
 *(SORT_BY_NAME(SORT_BY_ALIGNMENT(.z_device_PRE_KERNEL_2[0-9]_*)))
 *(SORT_BY_NAME(SORT_BY_ALIGNMENT(.z_device_PRE_KERNEL_2[1-9][0-9]_*)))
                0x000000000000685c                __device_POST_KERNEL_start = .
 *(SORT_BY_NAME(SORT_BY_ALIGNMENT(.z_device_POST_KERNEL[0-9]_*)))
 *(SORT_BY_NAME(SORT_BY_ALIGNMENT(.z_device_POST_KERNEL[1-9][0-9]_*)))
 .z_device_POST_KERNEL50_
                0x000000000000685c       0x18 zephyr/drivers/flash/libdrivers__flash.a(soc_flash_nrf.c.obj)
                0x000000000000685c                __device_dts_ord_120
 .z_device_POST_KERNEL80_
                0x0000000000006874       0x18 zephyr/drivers/flash/libdrivers__flash.a(nrf_qspi_nor.c.obj)
                0x0000000000006874                __device_dts_ord_129
                0x000000000000688c                __device_APPLICATION_start = .
 *(SORT_BY_NAME(SORT_BY_ALIGNMENT(.z_device_APPLICATION[0-9]_*)))
 *(SORT_BY_NAME(SORT_BY_ALIGNMENT(.z_device_APPLICATION[1-9][0-9]_*)))
                0x000000000000688c                __device_SMP_start = .
 *(SORT_BY_NAME(SORT_BY_ALIGNMENT(.z_device_SMP[0-9]_*)))
 *(SORT_BY_NAME(SORT_BY_ALIGNMENT(.z_device_SMP[1-9][0-9]_*)))
                0x000000000000688c                __device_end = .

sw_isr_table    0x000000000000688c      0x180
                0x000000000000688c                . = ALIGN (0x4)
 *(SORT_BY_ALIGNMENT(.gnu.linkonce.sw_isr_table*))
 .gnu.linkonce.sw_isr_table
                0x000000000000688c      0x180 zephyr/arch/common/libisr_tables.a(isr_tables.c.obj)
                0x000000000000688c                _sw_isr_table

initlevel_error
                0x00000000000067cc        0x0
 *(SORT_BY_NAME(SORT_BY_ALIGNMENT(.z_init_[_A-Z0-9]*)))
                0x0000000000000001                ASSERT ((SIZEOF (initlevel_error) == 0x0), Undefined initialization levels used.)

app_shmem_regions
                0x0000000000006a0c        0x0
                0x0000000000006a0c                __app_shmem_regions_start = .
 *(SORT_BY_NAME(SORT_BY_ALIGNMENT(.app_regions.*)))
                0x0000000000006a0c                __app_shmem_regions_end = .

k_p4wq_initparam_area
                0x0000000000006a0c        0x0
                0x0000000000006a0c                _k_p4wq_initparam_list_start = .
 *(SORT_BY_NAME(SORT_BY_ALIGNMENT(._k_p4wq_initparam.static.*)))
                0x0000000000006a0c                _k_p4wq_initparam_list_end = .

_static_thread_data_area
                0x0000000000006a0c        0x0
                0x0000000000006a0c                __static_thread_data_list_start = .
 *(SORT_BY_NAME(SORT_BY_ALIGNMENT(.__static_thread_data.static.*)))
                0x0000000000006a0c                __static_thread_data_list_end = .

device_handles  0x0000000000006a0c       0x3e
                0x0000000000006a0c                __device_handles_start = .
 *(SORT_BY_NAME(SORT_BY_ALIGNMENT(.__device_handles_pass1*)))
 .__device_handles_pass1
                0x0000000000006a0c        0xa zephyr/drivers/clock_control/libdrivers__clock_control.a(clock_control_nrf.c.obj)
                0x0000000000006a0c                __devicehdl_dts_ord_74
 .__device_handles_pass1
                0x0000000000006a16       0x22 zephyr/drivers/gpio/libdrivers__gpio.a(gpio_nrfx.c.obj)
                0x0000000000006a16                __devicehdl_dts_ord_105
                0x0000000000006a20                __devicehdl_dts_ord_11
 .__device_handles_pass1
                0x0000000000006a38        0x8 zephyr/drivers/flash/libdrivers__flash.a(nrf_qspi_nor.c.obj)
                0x0000000000006a38                __devicehdl_dts_ord_129
 .__device_handles_pass1
                0x0000000000006a40        0xa zephyr/drivers/flash/libdrivers__flash.a(soc_flash_nrf.c.obj)
                0x0000000000006a40                __devicehdl_dts_ord_120
                0x0000000000006a4a                __device_handles_end = .

ztest           0x0000000000006a4a        0x0
                0x0000000000006a4a                _ztest_expected_result_entry_list_start = .
 *(SORT_BY_NAME(SORT_BY_ALIGNMENT(._ztest_expected_result_entry.static.*)))
                0x0000000000006a4a                _ztest_expected_result_entry_list_end = .
                0x0000000000006a4a                _ztest_suite_node_list_start = .
 *(SORT_BY_NAME(SORT_BY_ALIGNMENT(._ztest_suite_node.static.*)))
                0x0000000000006a4a                _ztest_suite_node_list_end = .
                0x0000000000006a4a                _ztest_unit_test_list_start = .
 *(SORT_BY_NAME(SORT_BY_ALIGNMENT(._ztest_unit_test.static.*)))
                0x0000000000006a4a                _ztest_unit_test_list_end = .
                0x0000000000006a4a                _ztest_test_rule_list_start = .
 *(SORT_BY_NAME(SORT_BY_ALIGNMENT(._ztest_test_rule.static.*)))
                0x0000000000006a4a                _ztest_test_rule_list_end = .

bt_l2cap_fixed_chan_area
                0x0000000000006a4a        0x0
                0x0000000000006a4a                _bt_l2cap_fixed_chan_list_start = .
 *(SORT_BY_NAME(SORT_BY_ALIGNMENT(._bt_l2cap_fixed_chan.static.*)))
                0x0000000000006a4a                _bt_l2cap_fixed_chan_list_end = .

bt_gatt_service_static_area
                0x0000000000006a4a        0x0
                0x0000000000006a4a                _bt_gatt_service_static_list_start = .
 *(SORT_BY_NAME(SORT_BY_ALIGNMENT(._bt_gatt_service_static.static.*)))
                0x0000000000006a4a                _bt_gatt_service_static_list_end = .

log_strings_sections
                0x0000000000006a4a        0x0
                0x0000000000006a4a                __log_strings_start = .
 *(SORT_BY_NAME(SORT_BY_ALIGNMENT(.log_strings*)))
                0x0000000000006a4a                __log_strings_end = .

log_const_sections
                0x0000000000006a4a        0x0
                0x0000000000006a4a                __log_const_start = .
 *(SORT_BY_NAME(SORT_BY_ALIGNMENT(.log_const_*)))
                0x0000000000006a4a                __log_const_end = .

log_backend_area
                0x0000000000006a4a        0x0
                0x0000000000006a4a                _log_backend_list_start = .
 *(SORT_BY_NAME(SORT_BY_ALIGNMENT(._log_backend.static.*)))
                0x0000000000006a4a                _log_backend_list_end = .

log_link_area   0x0000000000006a4a        0x0
                0x0000000000006a4a                _log_link_list_start = .
 *(SORT_BY_NAME(SORT_BY_ALIGNMENT(._log_link.static.*)))
                0x0000000000006a4a                _log_link_list_end = .

tracing_backend_area
                0x0000000000006a4a        0x0
                0x0000000000006a4a                _tracing_backend_list_start = .
 *(SORT_BY_NAME(SORT_BY_ALIGNMENT(._tracing_backend.static.*)))
                0x0000000000006a4a                _tracing_backend_list_end = .

zephyr_dbg_info
 *(SORT_BY_ALIGNMENT(.dbg_thread_info))

symbol_to_keep  0x0000000000006a4a        0x0
                0x0000000000006a4a                __symbol_to_keep_start = .
 *(SORT_BY_NAME(SORT_BY_ALIGNMENT(.symbol_to_keep*)))
                0x0000000000006a4a                __symbol_to_keep_end = .

shell_area      0x0000000000006a4a        0x0
                0x0000000000006a4a                _shell_list_start = .
 *(SORT_BY_NAME(SORT_BY_ALIGNMENT(._shell.static.*)))
                0x0000000000006a4a                _shell_list_end = .

shell_root_cmds_sections
                0x0000000000006a4a        0x0
                0x0000000000006a4a                __shell_root_cmds_start = .
 *(SORT_BY_NAME(SORT_BY_ALIGNMENT(.shell_root_cmd_*)))
                0x0000000000006a4a                __shell_root_cmds_end = .

shell_subcmds_sections
                0x0000000000006a4a        0x0
                0x0000000000006a4a                __shell_subcmds_start = .
 *(SORT_BY_NAME(SORT_BY_ALIGNMENT(.shell_subcmd_*)))
                0x0000000000006a4a                __shell_subcmds_end = .

shell_dynamic_subcmds_sections
                0x0000000000006a4a        0x0
                0x0000000000006a4a                __shell_dynamic_subcmds_start = .
 *(SORT_BY_NAME(SORT_BY_ALIGNMENT(.shell_dynamic_subcmd_*)))
                0x0000000000006a4a                __shell_dynamic_subcmds_end = .

font_entry_sections
                0x0000000000006a4a        0x0
                0x0000000000006a4a                __font_entry_start = .
 *(SORT_BY_NAME(SORT_BY_ALIGNMENT(._cfb_font.*)))
                0x0000000000006a4a                __font_entry_end = .

rodata          0x0000000000006a50      0x4ac
 *(SORT_BY_ALIGNMENT(.rodata))
 .rodata        0x0000000000006a50       0x10 /home/kendrik/ncs/nrfxlib/crypto/nrf_cc310_bl/lib/cortex-m4/hard-float/no-interrupts/libnrf_cc310_bl_0.9.12.a(nrf_cc310_bl_hash_sha256.c.obj)
 *(SORT_BY_ALIGNMENT(.rodata.*))
 .rodata.delay_machine_code.0
                0x0000000000006a60        0x6 zephyr/soc/arm/nordic_nrf/nrf52/libsoc__arm__nordic_nrf__nrf52.a(soc.c.obj)
 *fill*         0x0000000000006a66        0x2 
 .rodata.bootutil_key_cnt
                0x0000000000006a68        0x4 app/libapp.a(keys.c.obj)
                0x0000000000006a68                bootutil_key_cnt
 .rodata.bootutil_keys
                0x0000000000006a6c        0x8 app/libapp.a(keys.c.obj)
                0x0000000000006a6c                bootutil_keys
 .rodata.ecdsa_pub_key_len
                0x0000000000006a74        0x4 app/libapp.a(autogen-pubkey.c.obj)
                0x0000000000006a74                ecdsa_pub_key_len
 .rodata.flash_map_entries
                0x0000000000006a78        0x4 zephyr/libzephyr.a(flash_map_partition_manager.c.obj)
                0x0000000000006a78                flash_map_entries
 .rodata.default_flash_map
                0x0000000000006a7c       0x90 zephyr/libzephyr.a(flash_map_partition_manager.c.obj)
                0x0000000000006a7c                default_flash_map
 .rodata.apis   0x0000000000006b0c        0x8 zephyr/libzephyr.a(nrf_cc3xx_platform_abort_zephyr.c.obj)
 .rodata.static_regions
                0x0000000000006b14       0x18 zephyr/arch/arch/arm/core/aarch32/mpu/libarch__arm__core__aarch32__mpu.a(arm_core_mpu.c.obj)
 .rodata.mpu_config
                0x0000000000006b2c        0x8 zephyr/soc/arm/common/cortex_m/libsoc__arm__common__cortex_m.a(arm_mpu_regions.c.obj)
                0x0000000000006b2c                mpu_config
 .rodata.mpu_regions
                0x0000000000006b34       0x18 zephyr/soc/arm/common/cortex_m/libsoc__arm__common__cortex_m.a(arm_mpu_regions.c.obj)
 .rodata.transitions.0
                0x0000000000006b4c        0xc zephyr/drivers/clock_control/libdrivers__clock_control.a(clock_control_nrf.c.obj)
 .rodata.config
                0x0000000000006b58       0x10 zephyr/drivers/clock_control/libdrivers__clock_control.a(clock_control_nrf.c.obj)
 .rodata.clock_control_api
                0x0000000000006b68       0x1c zephyr/drivers/clock_control/libdrivers__clock_control.a(clock_control_nrf.c.obj)
 .rodata.gpio_nrfx_p1_cfg
                0x0000000000006b84       0x10 zephyr/drivers/gpio/libdrivers__gpio.a(gpio_nrfx.c.obj)
 .rodata.gpio_nrfx_p0_cfg
                0x0000000000006b94       0x10 zephyr/drivers/gpio/libdrivers__gpio.a(gpio_nrfx.c.obj)
 .rodata.gpio_nrfx_drv_api_funcs
                0x0000000000006ba4       0x24 zephyr/drivers/gpio/libdrivers__gpio.a(gpio_nrfx.c.obj)
 .rodata.qspi_flash_parameters.0
                0x0000000000006bc8        0x8 zephyr/drivers/flash/libdrivers__flash.a(nrf_qspi_nor.c.obj)
 .rodata.qspi_nor_dev_config
                0x0000000000006bd0       0x24 zephyr/drivers/flash/libdrivers__flash.a(nrf_qspi_nor.c.obj)
 .rodata.__pinctrl_dev_config__device_dts_ord_128
                0x0000000000006bf4        0xc zephyr/drivers/flash/libdrivers__flash.a(nrf_qspi_nor.c.obj)
 .rodata.__pinctrl_states__device_dts_ord_128
                0x0000000000006c00        0x8 zephyr/drivers/flash/libdrivers__flash.a(nrf_qspi_nor.c.obj)
 .rodata.__pinctrl_state_pins_0__device_dts_ord_128
                0x0000000000006c08       0x18 zephyr/drivers/flash/libdrivers__flash.a(nrf_qspi_nor.c.obj)
 .rodata.qspi_nor_api
                0x0000000000006c20       0x14 zephyr/drivers/flash/libdrivers__flash.a(nrf_qspi_nor.c.obj)
 .rodata.dev_layout
                0x0000000000006c34        0x8 zephyr/drivers/flash/libdrivers__flash.a(nrf_qspi_nor.c.obj)
 .rodata.flash_nrf_api
                0x0000000000006c3c       0x14 zephyr/drivers/flash/libdrivers__flash.a(soc_flash_nrf.c.obj)
 .rodata.flash_nrf_parameters
                0x0000000000006c50        0x8 zephyr/drivers/flash/libdrivers__flash.a(soc_flash_nrf.c.obj)
 .rodata.levels.0
                0x0000000000006c58       0x18 zephyr/kernel/libkernel.a(init.c.obj)
 .rodata.CSWTCH.10
                0x0000000000006c70       0x1c /home/kendrik/ncs/nrfxlib/crypto/nrf_cc310_platform/lib/cortex-m4/hard-float/no-interrupts/libnrf_cc310_platform_0.9.16.a(nrf_cc3xx_platform.c.obj)
 .rodata.CC_PalPowerSaveModeInit.str1.4
                0x0000000000006c8c       0x20 /home/kendrik/ncs/nrfxlib/crypto/nrf_cc310_platform/lib/cortex-m4/hard-float/no-interrupts/libnrf_cc310_platform_0.9.16.a(cc_pal_pm.c.obj)
 .rodata.mutex_free.str1.4
                0x0000000000006cac       0x26 /home/kendrik/ncs/nrfxlib/crypto/nrf_cc310_platform/lib/cortex-m4/hard-float/no-interrupts/libnrf_cc310_platform_0.9.16.a(nrf_cc3xx_platform_mutex.c.obj)
 *fill*         0x0000000000006cd2        0x2 
 .rodata.mutex_init.str1.4
                0x0000000000006cd4       0x23 /home/kendrik/ncs/nrfxlib/crypto/nrf_cc310_platform/lib/cortex-m4/hard-float/no-interrupts/libnrf_cc310_platform_0.9.16.a(nrf_cc3xx_platform_mutex.c.obj)
 *fill*         0x0000000000006cf7        0x1 
 .rodata.domain_secp256r1
                0x0000000000006cf8       0xcc /home/kendrik/ncs/nrfxlib/crypto/nrf_cc310_bl/lib/cortex-m4/hard-float/no-interrupts/libnrf_cc310_bl_0.9.12.a(nrf_cc310_bl_ecdsa_verify_secp256r1.c.obj)
                0x0000000000006cf8                domain_secp256r1
 .rodata.NRF_CC310_BL_HASH_LARVAL_SHA256
                0x0000000000006dc4       0x20 /home/kendrik/ncs/nrfxlib/crypto/nrf_cc310_bl/lib/cortex-m4/hard-float/no-interrupts/libnrf_cc310_bl_0.9.12.a(nrf_cc310_bl_hash_sha256.c.obj)
                0x0000000000006dc4                NRF_CC310_BL_HASH_LARVAL_SHA256
 .rodata.CSWTCH.2015
                0x0000000000006de4       0x16 zephyr/drivers/flash/libdrivers__flash.a(nrf_qspi_nor.c.obj)
 .rodata.boot_img_magic
                0x0000000000006dfa       0x10 modules/mcuboot/boot/bootutil/zephyr/libmcuboot_util.a(bootutil_public.c.obj)
                0x0000000000006dfa                boot_img_magic
 .rodata.ec_secp256r1_oid
                0x0000000000006e0a        0x9 app/libapp.a(image_ec256.c.obj)
 .rodata.ec_pubkey_oid
                0x0000000000006e13        0x8 app/libapp.a(image_ec256.c.obj)
 .rodata.ecdsa_pub_key
                0x0000000000006e1b       0x5b app/libapp.a(autogen-pubkey.c.obj)
                0x0000000000006e1b                ecdsa_pub_key
 .rodata.str1.1
                0x0000000000006e76        0xf zephyr/soc/arm/common/cortex_m/libsoc__arm__common__cortex_m.a(arm_mpu_regions.c.obj)
 .rodata.CSWTCH.9
                0x0000000000006e85        0x6 zephyr/soc/arm/nordic_nrf/nrf52/libsoc__arm__nordic_nrf__nrf52.a(soc.c.obj)
 .rodata.str1.1
                0x0000000000006e8b        0xf zephyr/drivers/clock_control/libdrivers__clock_control.a(clock_control_nrf.c.obj)
 .rodata.str1.1
                0x0000000000006e9a       0x1c zephyr/drivers/gpio/libdrivers__gpio.a(gpio_nrfx.c.obj)
 .rodata.str1.1
                0x0000000000006eb6        0xd zephyr/drivers/flash/libdrivers__flash.a(nrf_qspi_nor.c.obj)
 .rodata.str1.1
                0x0000000000006ec3       0x1a zephyr/drivers/flash/libdrivers__flash.a(soc_flash_nrf.c.obj)
 .rodata.boot_swap_tables
                0x0000000000006edd       0x12 modules/mcuboot/boot/bootutil/zephyr/libmcuboot_util.a(bootutil_public.c.obj)
 .rodata.CSWTCH.15
                0x0000000000006eef        0x6 modules/hal_nordic/nrfx/libmodules__hal_nordic__nrfx.a(system_nrf52840.c.obj)
 .rodata.CSWTCH.6
                0x0000000000006ef5        0x6 modules/hal_nordic/nrfx/libmodules__hal_nordic__nrfx.a(system_nrf52840.c.obj)
 *(SORT_BY_ALIGNMENT(.gnu.linkonce.r.*))
                0x0000000000006efc                . = ALIGN (0x4)
 *fill*         0x0000000000006efb        0x1 
                0x0000000000006efc                __rodata_region_end = .
                0x0000000000006f00                . = ALIGN (_region_min_align)
                0x0000000000008000                . = ALIGN ((0x1 << ((__rodata_region_end - ADDR (rom_start)) <= 0x4)?0x2:((__rodata_region_end - ADDR (rom_start)) <= 0x8)?0x3:((__rodata_region_end - ADDR (rom_start)) <= 0x10)?0x4:((__rodata_region_end - ADDR (rom_start)) <= 0x20)?0x5:((__rodata_region_end - ADDR (rom_start)) <= 0x40)?0x6:((__rodata_region_end - ADDR (rom_start)) <= 0x80)?0x7:((__rodata_region_end - ADDR (rom_start)) <= 0x100)?0x8:((__rodata_region_end - ADDR (rom_start)) <= 0x200)?0x9:((__rodata_region_end - ADDR (rom_start)) <= 0x400)?0xa:((__rodata_region_end - ADDR (rom_start)) <= 0x800)?0xb:((__rodata_region_end - ADDR (rom_start)) <= 0x1000)?0xc:((__rodata_region_end - ADDR (rom_start)) <= 0x2000)?0xd:((__rodata_region_end - ADDR (rom_start)) <= 0x4000)?0xe:((__rodata_region_end - ADDR (rom_start)) <= 0x8000)?0xf:((__rodata_region_end - ADDR (rom_start)) <= 0x10000)?0x10:((__rodata_region_end - ADDR (rom_start)) <= 0x20000)?0x11:((__rodata_region_end - ADDR (rom_start)) <= 0x40000)?0x12:((__rodata_region_end - ADDR (rom_start)) <= 0x80000)?0x13:((__rodata_region_end - ADDR (rom_start)) <= 0x100000)?0x14:((__rodata_region_end - ADDR (rom_start)) <= 0x200000)?0x15:((__rodata_region_end - ADDR (rom_start)) <= 0x400000)?0x16:((__rodata_region_end - ADDR (rom_start)) <= 0x800000)?0x17:((__rodata_region_end - ADDR (rom_start)) <= 0x1000000)?0x18:((__rodata_region_end - ADDR (rom_start)) <= 0x2000000)?0x19:((__rodata_region_end - ADDR (rom_start)) <= 0x4000000)?0x1a:((__rodata_region_end - ADDR (rom_start)) <= 0x8000000)?0x1b:((__rodata_region_end - ADDR (rom_start)) <= 0x10000000)?0x1c:((__rodata_region_end - ADDR (rom_start)) <= 0x20000000)?0x1d:((__rodata_region_end - ADDR (rom_start)) <= 0x40000000)?0x1e:((__rodata_region_end - ADDR (rom_start)) <= 0x80000000)?0x1f:0x20))
                0x0000000000008000                __rom_region_end = ((__rom_region_start + .) - ADDR (rom_start))

/DISCARD/
 *(SORT_BY_ALIGNMENT(.got.plt))
 *(SORT_BY_ALIGNMENT(.igot.plt))
 *(SORT_BY_ALIGNMENT(.got))
 *(SORT_BY_ALIGNMENT(.igot))
                0x0000000020000000                . = 0x20000000
                0x0000000020000000                . = ALIGN (_region_min_align)
                0x0000000020000000                _image_ram_start = .

.ramfunc        0x0000000020000000        0x0 load address 0x0000000000006efc
                0x0000000020000000                . = ALIGN (_region_min_align)
                0x0000000020000000                . = ALIGN ((0x1 << (__ramfunc_size <= 0x4)?0x2:(__ramfunc_size <= 0x8)?0x3:(__ramfunc_size <= 0x10)?0x4:(__ramfunc_size <= 0x20)?0x5:(__ramfunc_size <= 0x40)?0x6:(__ramfunc_size <= 0x80)?0x7:(__ramfunc_size <= 0x100)?0x8:(__ramfunc_size <= 0x200)?0x9:(__ramfunc_size <= 0x400)?0xa:(__ramfunc_size <= 0x800)?0xb:(__ramfunc_size <= 0x1000)?0xc:(__ramfunc_size <= 0x2000)?0xd:(__ramfunc_size <= 0x4000)?0xe:(__ramfunc_size <= 0x8000)?0xf:(__ramfunc_size <= 0x10000)?0x10:(__ramfunc_size <= 0x20000)?0x11:(__ramfunc_size <= 0x40000)?0x12:(__ramfunc_size <= 0x80000)?0x13:(__ramfunc_size <= 0x100000)?0x14:(__ramfunc_size <= 0x200000)?0x15:(__ramfunc_size <= 0x400000)?0x16:(__ramfunc_size <= 0x800000)?0x17:(__ramfunc_size <= 0x1000000)?0x18:(__ramfunc_size <= 0x2000000)?0x19:(__ramfunc_size <= 0x4000000)?0x1a:(__ramfunc_size <= 0x8000000)?0x1b:(__ramfunc_size <= 0x10000000)?0x1c:(__ramfunc_size <= 0x20000000)?0x1d:(__ramfunc_size <= 0x40000000)?0x1e:(__ramfunc_size <= 0x80000000)?0x1f:0x20))
                0x0000000020000000                __ramfunc_start = .
 *(SORT_BY_ALIGNMENT(.ramfunc))
 *(SORT_BY_ALIGNMENT(.ramfunc.*))
                0x0000000020000000                . = ALIGN (_region_min_align)
                0x0000000020000000                . = ALIGN ((0x1 << (__ramfunc_size <= 0x4)?0x2:(__ramfunc_size <= 0x8)?0x3:(__ramfunc_size <= 0x10)?0x4:(__ramfunc_size <= 0x20)?0x5:(__ramfunc_size <= 0x40)?0x6:(__ramfunc_size <= 0x80)?0x7:(__ramfunc_size <= 0x100)?0x8:(__ramfunc_size <= 0x200)?0x9:(__ramfunc_size <= 0x400)?0xa:(__ramfunc_size <= 0x800)?0xb:(__ramfunc_size <= 0x1000)?0xc:(__ramfunc_size <= 0x2000)?0xd:(__ramfunc_size <= 0x4000)?0xe:(__ramfunc_size <= 0x8000)?0xf:(__ramfunc_size <= 0x10000)?0x10:(__ramfunc_size <= 0x20000)?0x11:(__ramfunc_size <= 0x40000)?0x12:(__ramfunc_size <= 0x80000)?0x13:(__ramfunc_size <= 0x100000)?0x14:(__ramfunc_size <= 0x200000)?0x15:(__ramfunc_size <= 0x400000)?0x16:(__ramfunc_size <= 0x800000)?0x17:(__ramfunc_size <= 0x1000000)?0x18:(__ramfunc_size <= 0x2000000)?0x19:(__ramfunc_size <= 0x4000000)?0x1a:(__ramfunc_size <= 0x8000000)?0x1b:(__ramfunc_size <= 0x10000000)?0x1c:(__ramfunc_size <= 0x20000000)?0x1d:(__ramfunc_size <= 0x40000000)?0x1e:(__ramfunc_size <= 0x80000000)?0x1f:0x20))
                0x0000000020000000                __ramfunc_end = .
                0x0000000000000000                __ramfunc_size = (__ramfunc_end - __ramfunc_start)
                0x0000000000006efc                __ramfunc_load_start = LOADADDR (.ramfunc)

datas           0x0000000020000000       0xf4 load address 0x0000000000006efc
                0x0000000020000000                __data_region_start = .
                0x0000000020000000                __data_start = .
 *(SORT_BY_ALIGNMENT(.data))
 *(SORT_BY_ALIGNMENT(.data.*))
 .data.FIH_FAILURE
                0x0000000020000000        0x4 app/libapp.a(fault_injection_hardening.c.obj)
                0x0000000020000000                FIH_FAILURE
 .data.g_last_idx
                0x0000000020000004        0x4 app/libapp.a(swap_move.c.obj)
 .data.flash_map
                0x0000000020000008        0x4 zephyr/libzephyr.a(flash_map_partition_manager.c.obj)
                0x0000000020000008                flash_map
 .data.SystemCoreClock
                0x000000002000000c        0x4 modules/hal_nordic/nrfx/libmodules__hal_nordic__nrfx.a(system_nrf52840.c.obj)
                0x000000002000000c                SystemCoreClock
 .data.m_cb     0x0000000020000010       0x7c modules/hal_nordic/nrfx/libmodules__hal_nordic__nrfx.a(nrfx_gpiote.c.obj)
 .data.timeout_list
                0x000000002000008c        0x8 zephyr/kernel/libkernel.a(timeout.c.obj)
 .data.platform_abort_apis
                0x0000000020000094        0x8 /home/kendrik/ncs/nrfxlib/crypto/nrf_cc310_platform/lib/cortex-m4/hard-float/no-interrupts/libnrf_cc310_platform_0.9.16.a(nrf_cc3xx_platform_abort.c.obj)
                0x0000000020000094                platform_abort_apis
 .data.CCAsymCryptoMutex
                0x000000002000009c        0x4 /home/kendrik/ncs/nrfxlib/crypto/nrf_cc310_platform/lib/cortex-m4/hard-float/no-interrupts/libnrf_cc310_platform_0.9.16.a(cc_pal.c.obj)
                0x000000002000009c                CCAsymCryptoMutex
 .data.CCPowerMutex
                0x00000000200000a0        0x4 /home/kendrik/ncs/nrfxlib/crypto/nrf_cc310_platform/lib/cortex-m4/hard-float/no-interrupts/libnrf_cc310_platform_0.9.16.a(cc_pal.c.obj)
                0x00000000200000a0                CCPowerMutex
 .data.CCRndCryptoMutex
                0x00000000200000a4        0x4 /home/kendrik/ncs/nrfxlib/crypto/nrf_cc310_platform/lib/cortex-m4/hard-float/no-interrupts/libnrf_cc310_platform_0.9.16.a(cc_pal.c.obj)
                0x00000000200000a4                CCRndCryptoMutex
 .data.CCSymCryptoMutex
                0x00000000200000a8        0x4 /home/kendrik/ncs/nrfxlib/crypto/nrf_cc310_platform/lib/cortex-m4/hard-float/no-interrupts/libnrf_cc310_platform_0.9.16.a(cc_pal.c.obj)
                0x00000000200000a8                CCSymCryptoMutex
 .data.pCCRndCryptoMutex
                0x00000000200000ac        0x4 /home/kendrik/ncs/nrfxlib/crypto/nrf_cc310_platform/lib/cortex-m4/hard-float/no-interrupts/libnrf_cc310_platform_0.9.16.a(cc_pal.c.obj)
                0x00000000200000ac                pCCRndCryptoMutex
 .data.asym_mutex
                0x00000000200000b0        0x8 /home/kendrik/ncs/nrfxlib/crypto/nrf_cc310_platform/lib/cortex-m4/hard-float/no-interrupts/libnrf_cc310_platform_0.9.16.a(nrf_cc3xx_platform_mutex.c.obj)